Archive member included to satisfy reference by file (symbol)

/home/jack/ece331/Downloads/arm-gnu-toolchain-12.2.rel1-aarch64-arm-none-eabi/bin/../lib/gcc/arm-none-eabi/12.2.1/../../../../arm-none-eabi/lib/thumb/v7e-m+dp/hard/libc_nano.a(libc_a-exit.o)
                              /home/jack/ece331/Downloads/arm-gnu-toolchain-12.2.rel1-aarch64-arm-none-eabi/bin/../lib/gcc/arm-none-eabi/12.2.1/../../../../arm-none-eabi/lib/thumb/v7e-m+dp/hard/crt0.o (exit)
/home/jack/ece331/Downloads/arm-gnu-toolchain-12.2.rel1-aarch64-arm-none-eabi/bin/../lib/gcc/arm-none-eabi/12.2.1/../../../../arm-none-eabi/lib/thumb/v7e-m+dp/hard/libc_nano.a(libc_a-findfp.o)
                              /home/jack/ece331/Downloads/arm-gnu-toolchain-12.2.rel1-aarch64-arm-none-eabi/bin/../lib/gcc/arm-none-eabi/12.2.1/../../../../arm-none-eabi/lib/thumb/v7e-m+dp/hard/libc_nano.a(libc_a-exit.o) (__stdio_exit_handler)
/home/jack/ece331/Downloads/arm-gnu-toolchain-12.2.rel1-aarch64-arm-none-eabi/bin/../lib/gcc/arm-none-eabi/12.2.1/../../../../arm-none-eabi/lib/thumb/v7e-m+dp/hard/libc_nano.a(libc_a-fwalk.o)
                              /home/jack/ece331/Downloads/arm-gnu-toolchain-12.2.rel1-aarch64-arm-none-eabi/bin/../lib/gcc/arm-none-eabi/12.2.1/../../../../arm-none-eabi/lib/thumb/v7e-m+dp/hard/libc_nano.a(libc_a-findfp.o) (_fwalk_sglue)
/home/jack/ece331/Downloads/arm-gnu-toolchain-12.2.rel1-aarch64-arm-none-eabi/bin/../lib/gcc/arm-none-eabi/12.2.1/../../../../arm-none-eabi/lib/thumb/v7e-m+dp/hard/libc_nano.a(libc_a-stdio.o)
                              /home/jack/ece331/Downloads/arm-gnu-toolchain-12.2.rel1-aarch64-arm-none-eabi/bin/../lib/gcc/arm-none-eabi/12.2.1/../../../../arm-none-eabi/lib/thumb/v7e-m+dp/hard/libc_nano.a(libc_a-findfp.o) (__sread)
/home/jack/ece331/Downloads/arm-gnu-toolchain-12.2.rel1-aarch64-arm-none-eabi/bin/../lib/gcc/arm-none-eabi/12.2.1/../../../../arm-none-eabi/lib/thumb/v7e-m+dp/hard/libc_nano.a(libc_a-memset.o)
                              /home/jack/ece331/Downloads/arm-gnu-toolchain-12.2.rel1-aarch64-arm-none-eabi/bin/../lib/gcc/arm-none-eabi/12.2.1/../../../../arm-none-eabi/lib/thumb/v7e-m+dp/hard/crt0.o (memset)
/home/jack/ece331/Downloads/arm-gnu-toolchain-12.2.rel1-aarch64-arm-none-eabi/bin/../lib/gcc/arm-none-eabi/12.2.1/../../../../arm-none-eabi/lib/thumb/v7e-m+dp/hard/libc_nano.a(libc_a-closer.o)
                              /home/jack/ece331/Downloads/arm-gnu-toolchain-12.2.rel1-aarch64-arm-none-eabi/bin/../lib/gcc/arm-none-eabi/12.2.1/../../../../arm-none-eabi/lib/thumb/v7e-m+dp/hard/libc_nano.a(libc_a-stdio.o) (_close_r)
/home/jack/ece331/Downloads/arm-gnu-toolchain-12.2.rel1-aarch64-arm-none-eabi/bin/../lib/gcc/arm-none-eabi/12.2.1/../../../../arm-none-eabi/lib/thumb/v7e-m+dp/hard/libc_nano.a(libc_a-reent.o)
                              /home/jack/ece331/Downloads/arm-gnu-toolchain-12.2.rel1-aarch64-arm-none-eabi/bin/../lib/gcc/arm-none-eabi/12.2.1/../../../../arm-none-eabi/lib/thumb/v7e-m+dp/hard/libc_nano.a(libc_a-closer.o) (errno)
/home/jack/ece331/Downloads/arm-gnu-toolchain-12.2.rel1-aarch64-arm-none-eabi/bin/../lib/gcc/arm-none-eabi/12.2.1/../../../../arm-none-eabi/lib/thumb/v7e-m+dp/hard/libc_nano.a(libc_a-impure.o)
                              /home/jack/ece331/Downloads/arm-gnu-toolchain-12.2.rel1-aarch64-arm-none-eabi/bin/../lib/gcc/arm-none-eabi/12.2.1/../../../../arm-none-eabi/lib/thumb/v7e-m+dp/hard/libc_nano.a(libc_a-reent.o) (_impure_ptr)
/home/jack/ece331/Downloads/arm-gnu-toolchain-12.2.rel1-aarch64-arm-none-eabi/bin/../lib/gcc/arm-none-eabi/12.2.1/../../../../arm-none-eabi/lib/thumb/v7e-m+dp/hard/libc_nano.a(libc_a-lseekr.o)
                              /home/jack/ece331/Downloads/arm-gnu-toolchain-12.2.rel1-aarch64-arm-none-eabi/bin/../lib/gcc/arm-none-eabi/12.2.1/../../../../arm-none-eabi/lib/thumb/v7e-m+dp/hard/libc_nano.a(libc_a-stdio.o) (_lseek_r)
/home/jack/ece331/Downloads/arm-gnu-toolchain-12.2.rel1-aarch64-arm-none-eabi/bin/../lib/gcc/arm-none-eabi/12.2.1/../../../../arm-none-eabi/lib/thumb/v7e-m+dp/hard/libc_nano.a(libc_a-readr.o)
                              /home/jack/ece331/Downloads/arm-gnu-toolchain-12.2.rel1-aarch64-arm-none-eabi/bin/../lib/gcc/arm-none-eabi/12.2.1/../../../../arm-none-eabi/lib/thumb/v7e-m+dp/hard/libc_nano.a(libc_a-stdio.o) (_read_r)
/home/jack/ece331/Downloads/arm-gnu-toolchain-12.2.rel1-aarch64-arm-none-eabi/bin/../lib/gcc/arm-none-eabi/12.2.1/../../../../arm-none-eabi/lib/thumb/v7e-m+dp/hard/libc_nano.a(libc_a-writer.o)
                              /home/jack/ece331/Downloads/arm-gnu-toolchain-12.2.rel1-aarch64-arm-none-eabi/bin/../lib/gcc/arm-none-eabi/12.2.1/../../../../arm-none-eabi/lib/thumb/v7e-m+dp/hard/libc_nano.a(libc_a-stdio.o) (_write_r)
/home/jack/ece331/Downloads/arm-gnu-toolchain-12.2.rel1-aarch64-arm-none-eabi/bin/../lib/gcc/arm-none-eabi/12.2.1/../../../../arm-none-eabi/lib/thumb/v7e-m+dp/hard/libc_nano.a(libc_a-init.o)
[...]
Memory Configuration

Name             Origin             Length             Attributes
DTCMRAM          0x0000000020000000 0x0000000000020000 xrw
RAM              0x0000000024000000 0x0000000000100000 xrw
ITCMRAM          0x0000000000000000 0x0000000000010000 xrw
FLASH            0x0000000008000000 0x0000000000200000 xr
*default*        0x0000000000000000 0xffffffffffffffff

Linker script and memory map

LOAD /home/jack/ece331/Downloads/arm-gnu-toolchain-12.2.rel1-aarch64-arm-none-eabi/bin/../lib/gcc/arm-none-eabi/12.2.1/thumb/v7e-m+dp/hard/crti.o
LOAD /home/jack/ece331/Downloads/arm-gnu-toolchain-12.2.rel1-aarch64-arm-none-eabi/bin/../lib/gcc/arm-none-eabi/12.2.1/thumb/v7e-m+dp/hard/crtbegin.o
LOAD /home/jack/ece331/Downloads/arm-gnu-toolchain-12.2.rel1-aarch64-arm-none-eabi/bin/../lib/gcc/arm-none-eabi/12.2.1/../../../../arm-none-eabi/lib/thumb/v7e-m+dp/hard/crt0.o
LOAD build/main.o
LOAD build/gpio.o
LOAD build/dma.o
LOAD build/i2c.o
LOAD build/spi.o
LOAD build/usart.o
LOAD build/stm32h7xx_it.o
LOAD build/stm32h7xx_hal_msp.o
LOAD build/usb_device.o
LOAD build/usbd_desc.o
LOAD build/usbd_cdc_if.o
LOAD build/usbd_conf.o
LOAD build/stm32h7xx_hal_pcd.o
LOAD build/stm32h7xx_hal_pcd_ex.o
LOAD build/stm32h7xx_ll_usb.o
LOAD build/stm32h7xx_hal_rcc.o
LOAD build/stm32h7xx_hal_rcc_ex.o
LOAD build/stm32h7xx_hal_flash.o
LOAD build/stm32h7xx_hal_flash_ex.o
LOAD build/stm32h7xx_hal_gpio.o
LOAD build/stm32h7xx_hal_hsem.o
LOAD build/stm32h7xx_hal_dma.o
LOAD build/stm32h7xx_hal_dma_ex.o
LOAD build/stm32h7xx_hal_mdma.o
LOAD build/stm32h7xx_hal_pwr.o
LOAD build/stm32h7xx_hal_pwr_ex.o
LOAD build/stm32h7xx_hal_cortex.o
LOAD build/stm32h7xx_hal.o
LOAD build/stm32h7xx_hal_i2c.o
LOAD build/stm32h7xx_hal_i2c_ex.o
LOAD build/stm32h7xx_hal_exti.o
LOAD build/stm32h7xx_hal_spi.o
LOAD build/stm32h7xx_hal_spi_ex.o
LOAD build/stm32h7xx_hal_tim.o
LOAD build/stm32h7xx_hal_tim_ex.o
LOAD build/stm32h7xx_hal_uart.o
LOAD build/stm32h7xx_hal_uart_ex.o
LOAD build/system_stm32h7xx.o
LOAD build/usbd_core.o
LOAD build/usbd_ctlreq.o
LOAD build/usbd_ioreq.o
LOAD build/usbd_cdc.o
LOAD build/Adafruit_ST7735.o
LOAD build/glcdfont.o
LOAD build/graphics.o
LOAD build/startup_stm32h7a3xxq.o
LOAD /home/jack/ece331/Downloads/arm-gnu-toolchain-12.2.rel1-aarch64-arm-none-eabi/bin/../lib/gcc/arm-none-eabi/12.2.1/../../../../arm-none-eabi/lib/thumb/v7e-m+dp/hard/libc_nano.a
LOAD /home/jack/ece331/Downloads/arm-gnu-toolchain-12.2.rel1-aarch64-arm-none-eabi/bin/../lib/gcc/arm-none-eabi/12.2.1/../../../../arm-none-eabi/lib/thumb/v7e-m+dp/hard/libm.a
LOAD /home/jack/ece331/Downloads/arm-gnu-toolchain-12.2.rel1-aarch64-arm-none-eabi/bin/../lib/gcc/arm-none-eabi/12.2.1/../../../../arm-none-eabi/lib/thumb/v7e-m+dp/hard/libnosys.a
START GROUP
LOAD /home/jack/ece331/Downloads/arm-gnu-toolchain-12.2.rel1-aarch64-arm-none-eabi/bin/../lib/gcc/arm-none-eabi/12.2.1/thumb/v7e-m+dp/hard/libgcc.a
LOAD /home/jack/ece331/Downloads/arm-gnu-toolchain-12.2.rel1-aarch64-arm-none-eabi/bin/../lib/gcc/arm-none-eabi/12.2.1/../../../../arm-none-eabi/lib/thumb/v7e-m+dp/hard/libc_nano.a
END GROUP
START GROUP
LOAD /home/jack/ece331/Downloads/arm-gnu-toolchain-12.2.rel1-aarch64-arm-none-eabi/bin/../lib/gcc/arm-none-eabi/12.2.1/thumb/v7e-m+dp/hard/libgcc.a
LOAD /home/jack/ece331/Downloads/arm-gnu-toolchain-12.2.rel1-aarch64-arm-none-eabi/bin/../lib/gcc/arm-none-eabi/12.2.1/../../../../arm-none-eabi/lib/thumb/v7e-m+dp/hard/libc_nano.a
END GROUP
LOAD /home/jack/ece331/Downloads/arm-gnu-toolchain-12.2.rel1-aarch64-arm-none-eabi/bin/../lib/gcc/arm-none-eabi/12.2.1/thumb/v7e-m+dp/hard/crtend.o
LOAD /home/jack/ece331/Downloads/arm-gnu-toolchain-12.2.rel1-aarch64-arm-none-eabi/bin/../lib/gcc/arm-none-eabi/12.2.1/thumb/v7e-m+dp/hard/crtn.o
                0x0000000020020000                _estack = (ORIGIN (DTCMRAM) + LENGTH (DTCMRAM))
                0x0000000024100000                _eustack = (ORIGIN (RAM) + LENGTH (RAM))
                0x0000000000002000                _Min_Heap_Size = 0x2000
                0x0000000000004000                _Min_Stack_Size = 0x4000

.isr_vector     0x0000000008000000      0x2ac
                0x0000000008000000                . = ALIGN (0x4)
 *(.isr_vector)
 .isr_vector    0x0000000008000000      0x2ac build/startup_stm32h7a3xxq.o
                0x0000000008000000                g_pfnVectors
                0x00000000080002ac                . = ALIGN (0x4)

.text           0x00000000080002ac     0x7b64
                0x00000000080002ac                . = ALIGN (0x4)
 *(.text)
 .text          0x00000000080002ac       0x30 /home/jack/ece331/Downloads/arm-gnu-toolchain-12.2.rel1-aarch64-arm-none-eabi/bin/../lib/gcc/arm-none-eabi/12.2.1/thumb/v7e-m+dp/hard/libgcc.a(_aeabi_uldivmod.o)
                0x00000000080002ac                __aeabi_uldivmod
 .text          0x00000000080002dc        0x4 /home/jack/ece331/Downloads/arm-gnu-toolchain-12.2.rel1-aarch64-arm-none-eabi/bin/../lib/gcc/arm-none-eabi/12.2.1/thumb/v7e-m+dp/hard/libgcc.a(_dvmd_tls.o)
                0x00000000080002dc                __aeabi_ldiv0
                0x00000000080002dc                __aeabi_idiv0
 *(.text*)
 .text.deregister_tm_clones
                0x00000000080002e0       0x1c /home/jack/ece331/Downloads/arm-gnu-toolchain-12.2.rel1-aarch64-arm-none-eabi/bin/../lib/gcc/arm-none-eabi/12.2.1/thumb/v7e-m+dp/hard/crtbegin.o
 .text.register_tm_clones
                0x00000000080002fc       0x24 /home/jack/ece331/Downloads/arm-gnu-toolchain-12.2.rel1-aarch64-arm-none-eabi/bin/../lib/gcc/arm-none-eabi/12.2.1/thumb/v7e-m+dp/hard/crtbegin.o
 .text.__do_global_dtors_aux
                0x0000000008000320       0x28 /home/jack/ece331/Downloads/arm-gnu-toolchain-12.2.rel1-aarch64-arm-none-eabi/bin/../lib/gcc/arm-none-eabi/12.2.1/thumb/v7e-m+dp/hard/crtbegin.o
 .text.frame_dummy
                0x0000000008000348       0x24 /home/jack/ece331/Downloads/arm-gnu-toolchain-12.2.rel1-aarch64-arm-none-eabi/bin/../lib/gcc/arm-none-eabi/12.2.1/thumb/v7e-m+dp/hard/crtbegin.o
 .text.Error_Handler
                0x000000000800036c        0x4 build/main.o
                0x000000000800036c                Error_Handler
 .text.SystemClock_Config
                0x0000000008000370       0xbc build/main.o
                0x0000000008000370                SystemClock_Config
 .text.main     0x000000000800042c       0x50 build/main.o
                0x000000000800042c                main
 .text.MX_GPIO_Init
                0x000000000800047c      0x1a0 build/gpio.o
                0x000000000800047c                MX_GPIO_Init
 .text.MX_DMA_Init
                0x000000000800061c       0x38 build/dma.o
                0x000000000800061c                MX_DMA_Init
 .text.MX_I2C1_Init
                0x0000000008000654       0x58 build/i2c.o
                0x0000000008000654                MX_I2C1_Init
 .text.HAL_I2C_MspInit
                0x00000000080006ac       0x98 build/i2c.o
                0x00000000080006ac                HAL_I2C_MspInit
 .text.MX_SPI1_Init
                0x0000000008000744       0x5c build/spi.o
                0x0000000008000744                MX_SPI1_Init
 .text.HAL_SPI_MspInit
                0x00000000080007a0       0xe4 build/spi.o
                0x00000000080007a0                HAL_SPI_MspInit
 .text.MX_USART3_UART_Init
                0x0000000008000884       0x68 build/usart.o
                0x0000000008000884                MX_USART3_UART_Init
 .text.HAL_UART_MspInit
                0x00000000080008ec       0x98 build/usart.o
                0x00000000080008ec                HAL_UART_MspInit
 .text.NMI_Handler
                0x0000000008000984        0x2 build/stm32h7xx_it.o
                0x0000000008000984                NMI_Handler
 .text.HardFault_Handler
                0x0000000008000986        0x2 build/stm32h7xx_it.o
                0x0000000008000986                HardFault_Handler
 .text.MemManage_Handler
                0x0000000008000988        0x2 build/stm32h7xx_it.o
                0x0000000008000988                MemManage_Handler
 .text.BusFault_Handler
                0x000000000800098a        0x2 build/stm32h7xx_it.o
                0x000000000800098a                BusFault_Handler
 .text.UsageFault_Handler
                0x000000000800098c        0x2 build/stm32h7xx_it.o
                0x000000000800098c                UsageFault_Handler
 .text.SVC_Handler
                0x000000000800098e        0x2 build/stm32h7xx_it.o
                0x000000000800098e                SVC_Handler
 .text.DebugMon_Handler
                0x0000000008000990        0x2 build/stm32h7xx_it.o
                0x0000000008000990                DebugMon_Handler
 .text.PendSV_Handler
                0x0000000008000992        0x2 build/stm32h7xx_it.o
                0x0000000008000992                PendSV_Handler
 .text.SysTick_Handler
                0x0000000008000994        0x8 build/stm32h7xx_it.o
                0x0000000008000994                SysTick_Handler
 .text.DMA1_Stream0_IRQHandler
                0x000000000800099c       0x10 build/stm32h7xx_it.o
                0x000000000800099c                DMA1_Stream0_IRQHandler
 .text.SPI1_IRQHandler
                0x00000000080009ac       0x10 build/stm32h7xx_it.o
                0x00000000080009ac                SPI1_IRQHandler
 .text.OTG_HS_IRQHandler
                0x00000000080009bc       0x10 build/stm32h7xx_it.o
                0x00000000080009bc                OTG_HS_IRQHandler
 .text.HAL_MspInit
                0x00000000080009cc       0x24 build/stm32h7xx_hal_msp.o
                0x00000000080009cc                HAL_MspInit
 .text.MX_USB_DEVICE_Init
                0x00000000080009f0       0x58 build/usb_device.o
                0x00000000080009f0                MX_USB_DEVICE_Init
 .text.USBD_HS_DeviceDescriptor
                0x0000000008000a48        0xc build/usbd_desc.o
                0x0000000008000a48                USBD_HS_DeviceDescriptor
 .text.USBD_HS_LangIDStrDescriptor
                0x0000000008000a54        0xc build/usbd_desc.o
                0x0000000008000a54                USBD_HS_LangIDStrDescriptor
 .text.IntToUnicode
                0x0000000008000a60       0x46 build/usbd_desc.o
 *fill*         0x0000000008000aa6        0x2 
 .text.Get_SerialNum
                0x0000000008000aa8       0x38 build/usbd_desc.o
 .text.USBD_HS_SerialStrDescriptor
                0x0000000008000ae0       0x14 build/usbd_desc.o
                0x0000000008000ae0                USBD_HS_SerialStrDescriptor
 .text.USBD_HS_ProductStrDescriptor
                0x0000000008000af4       0x24 build/usbd_desc.o
                0x0000000008000af4                USBD_HS_ProductStrDescriptor
 .text.USBD_HS_ManufacturerStrDescriptor
                0x0000000008000b18       0x1c build/usbd_desc.o
                0x0000000008000b18                USBD_HS_ManufacturerStrDescriptor
 .text.USBD_HS_ConfigStrDescriptor
                0x0000000008000b34       0x24 build/usbd_desc.o
                0x0000000008000b34                USBD_HS_ConfigStrDescriptor
 .text.USBD_HS_InterfaceStrDescriptor
                0x0000000008000b58       0x24 build/usbd_desc.o
                0x0000000008000b58                USBD_HS_InterfaceStrDescriptor
 .text.CDC_DeInit_HS
                0x0000000008000b7c        0x4 build/usbd_cdc_if.o
 .text.CDC_Control_HS
                0x0000000008000b80        0x4 build/usbd_cdc_if.o
 .text.CDC_TransmitCplt_HS
                0x0000000008000b84        0x4 build/usbd_cdc_if.o
 .text.CDC_Receive_HS
                0x0000000008000b88       0x1c build/usbd_cdc_if.o
 .text.CDC_Init_HS
                0x0000000008000ba4       0x28 build/usbd_cdc_if.o
 .text.HAL_PCD_MspInit
                0x0000000008000bcc       0xe0 build/usbd_conf.o
                0x0000000008000bcc                HAL_PCD_MspInit
 .text.HAL_PCD_SetupStageCallback
                0x0000000008000cac       0x10 build/usbd_conf.o
                0x0000000008000cac                HAL_PCD_SetupStageCallback
 .text.HAL_PCD_DataOutStageCallback
                0x0000000008000cbc       0x18 build/usbd_conf.o
                0x0000000008000cbc                HAL_PCD_DataOutStageCallback
 .text.HAL_PCD_DataInStageCallback
                0x0000000008000cd4       0x16 build/usbd_conf.o
                0x0000000008000cd4                HAL_PCD_DataInStageCallback
 .text.HAL_PCD_SOFCallback
                0x0000000008000cea        0xc build/usbd_conf.o
                0x0000000008000cea                HAL_PCD_SOFCallback
 .text.HAL_PCD_ResetCallback
                0x0000000008000cf6       0x2c build/usbd_conf.o
                0x0000000008000cf6                HAL_PCD_ResetCallback
 *fill*         0x0000000008000d22        0x2 
 .text.HAL_PCD_SuspendCallback
                0x0000000008000d24       0x30 build/usbd_conf.o
                0x0000000008000d24                HAL_PCD_SuspendCallback
 .text.HAL_PCD_ResumeCallback
                0x0000000008000d54        0xc build/usbd_conf.o
                0x0000000008000d54                HAL_PCD_ResumeCallback
 .text.HAL_PCD_ISOOUTIncompleteCallback
                0x0000000008000d60        0xc build/usbd_conf.o
                0x0000000008000d60                HAL_PCD_ISOOUTIncompleteCallback
 .text.HAL_PCD_ISOINIncompleteCallback
                0x0000000008000d6c        0xc build/usbd_conf.o
                0x0000000008000d6c                HAL_PCD_ISOINIncompleteCallback
 .text.HAL_PCD_ConnectCallback
                0x0000000008000d78        0xc build/usbd_conf.o
                0x0000000008000d78                HAL_PCD_ConnectCallback
 .text.HAL_PCD_DisconnectCallback
                0x0000000008000d84        0xc build/usbd_conf.o
                0x0000000008000d84                HAL_PCD_DisconnectCallback
 .text.USBD_LL_Init
                0x0000000008000d90       0x74 build/usbd_conf.o
                0x0000000008000d90                USBD_LL_Init
 .text.USBD_LL_IsStallEP
                0x0000000008000e04       0x2e build/usbd_conf.o
                0x0000000008000e04                USBD_LL_IsStallEP
 .text.USBD_LL_GetRxDataSize
                0x0000000008000e32        0xc build/usbd_conf.o
                0x0000000008000e32                USBD_LL_GetRxDataSize
 *fill*         0x0000000008000e3e        0x2 
 .text.USBD_static_malloc
                0x0000000008000e40        0x8 build/usbd_conf.o
                0x0000000008000e40                USBD_static_malloc
 .text.USBD_static_free
                0x0000000008000e48        0x2 build/usbd_conf.o
                0x0000000008000e48                USBD_static_free
 .text.USBD_Get_USB_Status
                0x0000000008000e4a       0x14 build/usbd_conf.o
                0x0000000008000e4a                USBD_Get_USB_Status
 .text.USBD_LL_Start
                0x0000000008000e5e       0x10 build/usbd_conf.o
                0x0000000008000e5e                USBD_LL_Start
 .text.USBD_LL_OpenEP
                0x0000000008000e6e       0x16 build/usbd_conf.o
                0x0000000008000e6e                USBD_LL_OpenEP
 .text.USBD_LL_CloseEP
                0x0000000008000e84       0x10 build/usbd_conf.o
                0x0000000008000e84                USBD_LL_CloseEP
 .text.USBD_LL_StallEP
                0x0000000008000e94       0x10 build/usbd_conf.o
                0x0000000008000e94                USBD_LL_StallEP
 .text.USBD_LL_ClearStallEP
                0x0000000008000ea4       0x10 build/usbd_conf.o
                0x0000000008000ea4                USBD_LL_ClearStallEP
 .text.USBD_LL_SetUSBAddress
                0x0000000008000eb4       0x10 build/usbd_conf.o
                0x0000000008000eb4                USBD_LL_SetUSBAddress
 .text.USBD_LL_Transmit
                0x0000000008000ec4       0x10 build/usbd_conf.o
                0x0000000008000ec4                USBD_LL_Transmit
 .text.USBD_LL_PrepareReceive
                0x0000000008000ed4       0x10 build/usbd_conf.o
                0x0000000008000ed4                USBD_LL_PrepareReceive
 .text.PCD_WriteEmptyTxFifo
                0x0000000008000ee4       0xd0 build/stm32h7xx_hal_pcd.o
 .text.HAL_PCD_Init
                0x0000000008000fb4      0x13c build/stm32h7xx_hal_pcd.o
                0x0000000008000fb4                HAL_PCD_Init
 .text.HAL_PCD_Start
                0x00000000080010f0       0x44 build/stm32h7xx_hal_pcd.o
                0x00000000080010f0                HAL_PCD_Start
 .text.PCD_EP_OutXfrComplete_int
                0x0000000008001134      0x104 build/stm32h7xx_hal_pcd.o
 .text.PCD_EP_OutSetupPacket_int
                0x0000000008001238       0x50 build/stm32h7xx_hal_pcd.o
 .text.HAL_PCD_SetAddress
                0x0000000008001288       0x28 build/stm32h7xx_hal_pcd.o
                0x0000000008001288                HAL_PCD_SetAddress
 .text.HAL_PCD_EP_Open
                0x00000000080012b0       0x8a build/stm32h7xx_hal_pcd.o
                0x00000000080012b0                HAL_PCD_EP_Open
 .text.HAL_PCD_EP_Close
                0x000000000800133a       0x72 build/stm32h7xx_hal_pcd.o
                0x000000000800133a                HAL_PCD_EP_Close
 .text.HAL_PCD_EP_Receive
                0x00000000080013ac       0x4a build/stm32h7xx_hal_pcd.o
                0x00000000080013ac                HAL_PCD_EP_Receive
 .text.HAL_PCD_EP_GetRxCount
                0x00000000080013f6       0x12 build/stm32h7xx_hal_pcd.o
                0x00000000080013f6                HAL_PCD_EP_GetRxCount
 .text.HAL_PCD_EP_Transmit
                0x0000000008001408       0x4a build/stm32h7xx_hal_pcd.o
                0x0000000008001408                HAL_PCD_EP_Transmit
 .text.HAL_PCD_EP_SetStall
                0x0000000008001452       0x88 build/stm32h7xx_hal_pcd.o
                0x0000000008001452                HAL_PCD_EP_SetStall
 .text.HAL_PCD_EP_ClrStall
                0x00000000080014da       0x76 build/stm32h7xx_hal_pcd.o
                0x00000000080014da                HAL_PCD_EP_ClrStall
 .text.HAL_PCD_EP_Abort
                0x0000000008001550       0x34 build/stm32h7xx_hal_pcd.o
                0x0000000008001550                HAL_PCD_EP_Abort
 .text.HAL_PCD_IRQHandler
                0x0000000008001584      0x606 build/stm32h7xx_hal_pcd.o
                0x0000000008001584                HAL_PCD_IRQHandler
 .text.HAL_PCDEx_SetTxFiFo
                0x0000000008001b8a       0x4c build/stm32h7xx_hal_pcd_ex.o
                0x0000000008001b8a                HAL_PCDEx_SetTxFiFo
 .text.HAL_PCDEx_SetRxFiFo
                0x0000000008001bd6        0x8 build/stm32h7xx_hal_pcd_ex.o
                0x0000000008001bd6                HAL_PCDEx_SetRxFiFo
 *fill*         0x0000000008001bde        0x2 
 .text.HAL_PCDEx_ActivateLPM
                0x0000000008001be0       0x28 build/stm32h7xx_hal_pcd_ex.o
                0x0000000008001be0                HAL_PCDEx_ActivateLPM
 .text.HAL_PCDEx_LPM_Callback
                0x0000000008001c08        0x2 build/stm32h7xx_hal_pcd_ex.o
                0x0000000008001c08                HAL_PCDEx_LPM_Callback
 *fill*         0x0000000008001c0a        0x2 
 .text.USB_CoreReset
                0x0000000008001c0c       0x50 build/stm32h7xx_ll_usb.o
 .text.USB_CoreInit
                0x0000000008001c5c       0x9c build/stm32h7xx_ll_usb.o
                0x0000000008001c5c                USB_CoreInit
 .text.USB_SetTurnaroundTime
                0x0000000008001cf8       0xe4 build/stm32h7xx_ll_usb.o
                0x0000000008001cf8                USB_SetTurnaroundTime
 .text.USB_EnableGlobalInt
                0x0000000008001ddc        0xc build/stm32h7xx_ll_usb.o
                0x0000000008001ddc                USB_EnableGlobalInt
 .text.USB_DisableGlobalInt
                0x0000000008001de8        0xc build/stm32h7xx_ll_usb.o
                0x0000000008001de8                USB_DisableGlobalInt
 .text.USB_FlushTxFifo
                0x0000000008001df4       0x50 build/stm32h7xx_ll_usb.o
                0x0000000008001df4                USB_FlushTxFifo
 .text.USB_FlushRxFifo
                0x0000000008001e44       0x4c build/stm32h7xx_ll_usb.o
                0x0000000008001e44                USB_FlushRxFifo
 .text.USB_SetDevSpeed
                0x0000000008001e90        0xe build/stm32h7xx_ll_usb.o
                0x0000000008001e90                USB_SetDevSpeed
 *fill*         0x0000000008001e9e        0x2 
 .text.USB_DevInit
                0x0000000008001ea0      0x188 build/stm32h7xx_ll_usb.o
                0x0000000008001ea0                USB_DevInit
 .text.USB_GetDevSpeed
                0x0000000008002028       0x1e build/stm32h7xx_ll_usb.o
                0x0000000008002028                USB_GetDevSpeed
 *fill*         0x0000000008002046        0x2 
 .text.USB_ActivateEndpoint
                0x0000000008002048       0x98 build/stm32h7xx_ll_usb.o
                0x0000000008002048                USB_ActivateEndpoint
 .text.USB_DeactivateEndpoint
                0x00000000080020e0       0xe0 build/stm32h7xx_ll_usb.o
                0x00000000080020e0                USB_DeactivateEndpoint
 .text.USB_EPStopXfer
                0x00000000080021c0       0xbe build/stm32h7xx_ll_usb.o
                0x00000000080021c0                USB_EPStopXfer
 .text.USB_WritePacket
                0x000000000800227e       0x2e build/stm32h7xx_ll_usb.o
                0x000000000800227e                USB_WritePacket
 .text.USB_EPStartXfer
                0x00000000080022ac      0x23c build/stm32h7xx_ll_usb.o
                0x00000000080022ac                USB_EPStartXfer
 .text.USB_ReadPacket
                0x00000000080024e8       0x46 build/stm32h7xx_ll_usb.o
                0x00000000080024e8                USB_ReadPacket
 .text.USB_EPSetStall
                0x000000000800252e       0x5a build/stm32h7xx_ll_usb.o
                0x000000000800252e                USB_EPSetStall
 .text.USB_EPClearStall
                0x0000000008002588       0x5c build/stm32h7xx_ll_usb.o
                0x0000000008002588                USB_EPClearStall
 .text.USB_SetDevAddress
                0x00000000080025e4       0x20 build/stm32h7xx_ll_usb.o
                0x00000000080025e4                USB_SetDevAddress
 .text.USB_DevConnect
                0x0000000008002604       0x1c build/stm32h7xx_ll_usb.o
                0x0000000008002604                USB_DevConnect
 .text.USB_DevDisconnect
                0x0000000008002620       0x1c build/stm32h7xx_ll_usb.o
                0x0000000008002620                USB_DevDisconnect
 .text.USB_ReadInterrupts
                0x000000000800263c        0x8 build/stm32h7xx_ll_usb.o
                0x000000000800263c                USB_ReadInterrupts
 .text.USB_ReadDevAllOutEpInterrupt
                0x0000000008002644       0x10 build/stm32h7xx_ll_usb.o
                0x0000000008002644                USB_ReadDevAllOutEpInterrupt
 .text.USB_ReadDevAllInEpInterrupt
                0x0000000008002654       0x10 build/stm32h7xx_ll_usb.o
                0x0000000008002654                USB_ReadDevAllInEpInterrupt
 .text.USB_ReadDevOutEPInterrupt
                0x0000000008002664       0x12 build/stm32h7xx_ll_usb.o
                0x0000000008002664                USB_ReadDevOutEPInterrupt
 .text.USB_ReadDevInEPInterrupt
                0x0000000008002676       0x24 build/stm32h7xx_ll_usb.o
                0x0000000008002676                USB_ReadDevInEPInterrupt
 .text.USB_GetMode
                0x000000000800269a        0x8 build/stm32h7xx_ll_usb.o
                0x000000000800269a                USB_GetMode
 .text.USB_SetCurrentMode
                0x00000000080026a2       0x62 build/stm32h7xx_ll_usb.o
                0x00000000080026a2                USB_SetCurrentMode
 .text.USB_ActivateSetup
                0x0000000008002704       0x20 build/stm32h7xx_ll_usb.o
                0x0000000008002704                USB_ActivateSetup
 .text.USB_EP0_OutStart
                0x0000000008002724       0x60 build/stm32h7xx_ll_usb.o
                0x0000000008002724                USB_EP0_OutStart
 .text.HAL_RCC_OscConfig
                0x0000000008002784      0x664 build/stm32h7xx_hal_rcc.o
                0x0000000008002784                HAL_RCC_OscConfig
 .text.HAL_RCC_GetSysClockFreq
                0x0000000008002de8      0x1f4 build/stm32h7xx_hal_rcc.o
                0x0000000008002de8                HAL_RCC_GetSysClockFreq
 .text.HAL_RCC_ClockConfig
                0x0000000008002fdc      0x294 build/stm32h7xx_hal_rcc.o
                0x0000000008002fdc                HAL_RCC_ClockConfig
 .text.HAL_RCC_GetHCLKFreq
                0x0000000008003270       0x44 build/stm32h7xx_hal_rcc.o
                0x0000000008003270                HAL_RCC_GetHCLKFreq
 .text.HAL_RCC_GetPCLK1Freq
                0x00000000080032b4       0x24 build/stm32h7xx_hal_rcc.o
                0x00000000080032b4                HAL_RCC_GetPCLK1Freq
 .text.HAL_RCC_GetPCLK2Freq
                0x00000000080032d8       0x24 build/stm32h7xx_hal_rcc.o
                0x00000000080032d8                HAL_RCC_GetPCLK2Freq
 .text.RCCEx_PLL2_Config
                0x00000000080032fc      0x10c build/stm32h7xx_hal_rcc_ex.o
 .text.RCCEx_PLL3_Config
                0x0000000008003408      0x10c build/stm32h7xx_hal_rcc_ex.o
 .text.HAL_RCCEx_PeriphCLKConfig
                0x0000000008003514      0xa2c build/stm32h7xx_hal_rcc_ex.o
                0x0000000008003514                HAL_RCCEx_PeriphCLKConfig
 .text.HAL_RCCEx_GetD3PCLK1Freq
                0x0000000008003f40       0x24 build/stm32h7xx_hal_rcc_ex.o
                0x0000000008003f40                HAL_RCCEx_GetD3PCLK1Freq
 .text.HAL_RCCEx_GetPLL2ClockFreq
                0x0000000008003f64      0x1fc build/stm32h7xx_hal_rcc_ex.o
                0x0000000008003f64                HAL_RCCEx_GetPLL2ClockFreq
 .text.HAL_RCCEx_GetPLL3ClockFreq
                0x0000000008004160      0x1fc build/stm32h7xx_hal_rcc_ex.o
                0x0000000008004160                HAL_RCCEx_GetPLL3ClockFreq
 .text.HAL_GPIO_Init
                0x000000000800435c      0x220 build/stm32h7xx_hal_gpio.o
                0x000000000800435c                HAL_GPIO_Init
 .text.HAL_GPIO_WritePin
                0x000000000800457c        0xc build/stm32h7xx_hal_gpio.o
                0x000000000800457c                HAL_GPIO_WritePin
 .text.HAL_GPIO_TogglePin
                0x0000000008004588       0x12 build/stm32h7xx_hal_gpio.o
                0x0000000008004588                HAL_GPIO_TogglePin
 *fill*         0x000000000800459a        0x2 
 .text.DMA_CalcBaseAndBitshift
                0x000000000800459c       0xb4 build/stm32h7xx_hal_dma.o
 .text.DMA_CheckFifoParam
                0x0000000008004650       0x92 build/stm32h7xx_hal_dma.o
 *fill*         0x00000000080046e2        0x2 
 .text.DMA_CalcDMAMUXChannelBaseAndMask
                0x00000000080046e4       0xac build/stm32h7xx_hal_dma.o
 .text.DMA_CalcDMAMUXRequestGenBaseAndMask
                0x0000000008004790       0x7c build/stm32h7xx_hal_dma.o
 .text.HAL_DMA_Init
                0x000000000800480c      0x3d8 build/stm32h7xx_hal_dma.o
                0x000000000800480c                HAL_DMA_Init
 .text.HAL_DMA_Abort_IT
                0x0000000008004be4      0x270 build/stm32h7xx_hal_dma.o
                0x0000000008004be4                HAL_DMA_Abort_IT
 .text.HAL_DMA_IRQHandler
                0x0000000008004e54      0x76c build/stm32h7xx_hal_dma.o
                0x0000000008004e54                HAL_DMA_IRQHandler
 .text.HAL_PWREx_ConfigSupply
                0x00000000080055c0       0x94 build/stm32h7xx_hal_pwr_ex.o
                0x00000000080055c0                HAL_PWREx_ConfigSupply
 .text.HAL_PWREx_EnableUSBVoltageDetector
                0x0000000008005654       0x10 build/stm32h7xx_hal_pwr_ex.o
                0x0000000008005654                HAL_PWREx_EnableUSBVoltageDetector
 .text.__NVIC_EnableIRQ
                0x0000000008005664       0x1c build/stm32h7xx_hal_cortex.o
 .text.__NVIC_SetPriority
                0x0000000008005680       0x24 build/stm32h7xx_hal_cortex.o
 .text.NVIC_EncodePriority
                0x00000000080056a4       0x3e build/stm32h7xx_hal_cortex.o
 *fill*         0x00000000080056e2        0x2 
 .text.HAL_NVIC_SetPriorityGrouping
                0x00000000080056e4       0x24 build/stm32h7xx_hal_cortex.o
                0x00000000080056e4                HAL_NVIC_SetPriorityGrouping
 .text.HAL_NVIC_SetPriority
                0x0000000008005708       0x20 build/stm32h7xx_hal_cortex.o
                0x0000000008005708                HAL_NVIC_SetPriority
 .text.HAL_NVIC_EnableIRQ
                0x0000000008005728        0x8 build/stm32h7xx_hal_cortex.o
                0x0000000008005728                HAL_NVIC_EnableIRQ
 .text.HAL_SYSTICK_Config
                0x0000000008005730       0x28 build/stm32h7xx_hal_cortex.o
                0x0000000008005730                HAL_SYSTICK_Config
 .text.HAL_InitTick
                0x0000000008005758       0x50 build/stm32h7xx_hal.o
                0x0000000008005758                HAL_InitTick
 .text.HAL_Init
                0x00000000080057a8       0x5c build/stm32h7xx_hal.o
                0x00000000080057a8                HAL_Init
 .text.HAL_IncTick
                0x0000000008005804       0x18 build/stm32h7xx_hal.o
                0x0000000008005804                HAL_IncTick
 .text.HAL_GetTick
                0x000000000800581c        0xc build/stm32h7xx_hal.o
                0x000000000800581c                HAL_GetTick
 .text.HAL_Delay
                0x0000000008005828       0x28 build/stm32h7xx_hal.o
                0x0000000008005828                HAL_Delay
 .text.HAL_I2C_Init
                0x0000000008005850       0xbc build/stm32h7xx_hal_i2c.o
                0x0000000008005850                HAL_I2C_Init
 .text.HAL_I2CEx_ConfigAnalogFilter
                0x000000000800590c       0x5c build/stm32h7xx_hal_i2c_ex.o
                0x000000000800590c                HAL_I2CEx_ConfigAnalogFilter
 .text.HAL_I2CEx_ConfigDigitalFilter
                0x0000000008005968       0x58 build/stm32h7xx_hal_i2c_ex.o
                0x0000000008005968                HAL_I2CEx_ConfigDigitalFilter
 .text.SPI_CloseTransfer
                0x00000000080059c0       0xd0 build/stm32h7xx_hal_spi.o
 .text.SPI_GetPacketSize
                0x0000000008005a90       0x10 build/stm32h7xx_hal_spi.o
 .text.HAL_SPI_Init
                0x0000000008005aa0      0x190 build/stm32h7xx_hal_spi.o
                0x0000000008005aa0                HAL_SPI_Init
 .text.HAL_SPI_TxCpltCallback
                0x0000000008005c30        0x2 build/stm32h7xx_hal_spi.o
                0x0000000008005c30                HAL_SPI_TxCpltCallback
 .text.HAL_SPI_RxCpltCallback
                0x0000000008005c32        0x2 build/stm32h7xx_hal_spi.o
                0x0000000008005c32                HAL_SPI_RxCpltCallback
 .text.HAL_SPI_TxRxCpltCallback
                0x0000000008005c34        0x2 build/stm32h7xx_hal_spi.o
                0x0000000008005c34                HAL_SPI_TxRxCpltCallback
 .text.HAL_SPI_ErrorCallback
                0x0000000008005c36        0x2 build/stm32h7xx_hal_spi.o
                0x0000000008005c36                HAL_SPI_ErrorCallback
 .text.SPI_DMAAbortOnError
                0x0000000008005c38       0x1a build/stm32h7xx_hal_spi.o
 .text.HAL_SPI_SuspendCallback
                0x0000000008005c52        0x2 build/stm32h7xx_hal_spi.o
                0x0000000008005c52                HAL_SPI_SuspendCallback
 .text.HAL_SPI_IRQHandler
                0x0000000008005c54      0x240 build/stm32h7xx_hal_spi.o
                0x0000000008005c54                HAL_SPI_IRQHandler
 .text.UART_EndRxTransfer
                0x0000000008005e94       0x58 build/stm32h7xx_hal_uart.o
 .text.UART_SetConfig
                0x0000000008005eec      0x6bc build/stm32h7xx_hal_uart.o
                0x0000000008005eec                UART_SetConfig
 .text.UART_AdvFeatureConfig
                0x00000000080065a8       0xca build/stm32h7xx_hal_uart.o
                0x00000000080065a8                UART_AdvFeatureConfig
 .text.UART_WaitOnFlagUntilTimeout
                0x0000000008006672       0x96 build/stm32h7xx_hal_uart.o
                0x0000000008006672                UART_WaitOnFlagUntilTimeout
 .text.UART_CheckIdleState
                0x0000000008006708       0xca build/stm32h7xx_hal_uart.o
                0x0000000008006708                UART_CheckIdleState
 .text.HAL_UART_Init
                0x00000000080067d2       0x66 build/stm32h7xx_hal_uart.o
                0x00000000080067d2                HAL_UART_Init
 .text.UARTEx_SetNbDataToProcess
                0x0000000008006838       0x4c build/stm32h7xx_hal_uart_ex.o
 .text.HAL_UARTEx_DisableFifoMode
                0x0000000008006884       0x3e build/stm32h7xx_hal_uart_ex.o
                0x0000000008006884                HAL_UARTEx_DisableFifoMode
 .text.HAL_UARTEx_SetTxFifoThreshold
                0x00000000080068c2       0x4a build/stm32h7xx_hal_uart_ex.o
                0x00000000080068c2                HAL_UARTEx_SetTxFifoThreshold
 .text.HAL_UARTEx_SetRxFifoThreshold
                0x000000000800690c       0x4a build/stm32h7xx_hal_uart_ex.o
                0x000000000800690c                HAL_UARTEx_SetRxFifoThreshold
 *fill*         0x0000000008006956        0x2 
 .text.SystemInit
                0x0000000008006958       0xac build/system_stm32h7xx.o
                0x0000000008006958                SystemInit
 .text.USBD_Init
                0x0000000008006a04       0x2e build/usbd_core.o
                0x0000000008006a04                USBD_Init
 .text.USBD_RegisterClass
                0x0000000008006a32       0x34 build/usbd_core.o
                0x0000000008006a32                USBD_RegisterClass
 .text.USBD_Start
                0x0000000008006a66        0x8 build/usbd_core.o
                0x0000000008006a66                USBD_Start
 .text.USBD_SetClassConfig
                0x0000000008006a6e       0x12 build/usbd_core.o
                0x0000000008006a6e                USBD_SetClassConfig
 .text.USBD_ClrClassConfig
                0x0000000008006a80       0x12 build/usbd_core.o
                0x0000000008006a80                USBD_ClrClassConfig
 .text.USBD_LL_SetupStage
                0x0000000008006a92       0x58 build/usbd_core.o
                0x0000000008006a92                USBD_LL_SetupStage
 .text.USBD_LL_Reset
                0x0000000008006aea       0x64 build/usbd_core.o
                0x0000000008006aea                USBD_LL_Reset
 .text.USBD_LL_SetSpeed
                0x0000000008006b4e        0x6 build/usbd_core.o
                0x0000000008006b4e                USBD_LL_SetSpeed
 .text.USBD_LL_Suspend
                0x0000000008006b54       0x1e build/usbd_core.o
                0x0000000008006b54                USBD_LL_Suspend
 .text.USBD_LL_Resume
                0x0000000008006b72       0x1a build/usbd_core.o
                0x0000000008006b72                USBD_LL_Resume
 .text.USBD_LL_SOF
                0x0000000008006b8c       0x22 build/usbd_core.o
                0x0000000008006b8c                USBD_LL_SOF
 .text.USBD_LL_IsoINIncomplete
                0x0000000008006bae       0x2e build/usbd_core.o
                0x0000000008006bae                USBD_LL_IsoINIncomplete
 .text.USBD_LL_IsoOUTIncomplete
                0x0000000008006bdc       0x2e build/usbd_core.o
                0x0000000008006bdc                USBD_LL_IsoOUTIncomplete
 .text.USBD_LL_DevConnected
                0x0000000008006c0a        0x4 build/usbd_core.o
                0x0000000008006c0a                USBD_LL_DevConnected
 .text.USBD_LL_DevDisconnected
                0x0000000008006c0e       0x20 build/usbd_core.o
                0x0000000008006c0e                USBD_LL_DevDisconnected
 .text.USBD_CoreFindIF
                0x0000000008006c2e        0x4 build/usbd_core.o
                0x0000000008006c2e                USBD_CoreFindIF
 .text.USBD_CoreFindEP
                0x0000000008006c32        0x4 build/usbd_core.o
                0x0000000008006c32                USBD_CoreFindEP
 .text.USBD_LL_DataOutStage
                0x0000000008006c36       0xc6 build/usbd_core.o
                0x0000000008006c36                USBD_LL_DataOutStage
 .text.USBD_LL_DataInStage
                0x0000000008006cfc       0xd6 build/usbd_core.o
                0x0000000008006cfc                USBD_LL_DataInStage
 .text.USBD_GetNextDesc
                0x0000000008006dd2        0xe build/usbd_core.o
                0x0000000008006dd2                USBD_GetNextDesc
 .text.USBD_GetEpDesc
                0x0000000008006de0       0x3e build/usbd_core.o
                0x0000000008006de0                USBD_GetEpDesc
 .text.USBD_GetLen
                0x0000000008006e1e       0x14 build/usbd_ctlreq.o
 .text.USBD_ParseSetupRequest
                0x0000000008006e32       0x28 build/usbd_ctlreq.o
                0x0000000008006e32                USBD_ParseSetupRequest
 .text.USBD_CtlError
                0x0000000008006e5a       0x14 build/usbd_ctlreq.o
                0x0000000008006e5a                USBD_CtlError
 .text.USBD_GetDescriptor
                0x0000000008006e6e      0x18a build/usbd_ctlreq.o
 .text.USBD_SetAddress
                0x0000000008006ff8       0x50 build/usbd_ctlreq.o
 .text.USBD_SetConfig
                0x0000000008007048       0xcc build/usbd_ctlreq.o
 .text.USBD_GetConfig
                0x0000000008007114       0x40 build/usbd_ctlreq.o
 .text.USBD_GetStatus
                0x0000000008007154       0x38 build/usbd_ctlreq.o
 .text.USBD_SetFeature
                0x000000000800718c       0x2a build/usbd_ctlreq.o
 .text.USBD_ClrFeature
                0x00000000080071b6       0x26 build/usbd_ctlreq.o
 .text.USBD_StdDevReq
                0x00000000080071dc       0x76 build/usbd_ctlreq.o
                0x00000000080071dc                USBD_StdDevReq
 .text.USBD_StdItfReq
                0x0000000008007252       0x84 build/usbd_ctlreq.o
                0x0000000008007252                USBD_StdItfReq
 .text.USBD_StdEPReq
                0x00000000080072d6      0x232 build/usbd_ctlreq.o
                0x00000000080072d6                USBD_StdEPReq
 .text.USBD_GetString
                0x0000000008007508       0x3a build/usbd_ctlreq.o
                0x0000000008007508                USBD_GetString
 .text.USBD_CtlSendData
                0x0000000008007542       0x1a build/usbd_ioreq.o
                0x0000000008007542                USBD_CtlSendData
 .text.USBD_CtlContinueSendData
                0x000000000800755c       0x10 build/usbd_ioreq.o
                0x000000000800755c                USBD_CtlContinueSendData
 .text.USBD_CtlPrepareRx
                0x000000000800756c       0x1e build/usbd_ioreq.o
                0x000000000800756c                USBD_CtlPrepareRx
 .text.USBD_CtlContinueRx
                0x000000000800758a       0x10 build/usbd_ioreq.o
                0x000000000800758a                USBD_CtlContinueRx
 .text.USBD_CtlSendStatus
                0x000000000800759a       0x16 build/usbd_ioreq.o
                0x000000000800759a                USBD_CtlSendStatus
 .text.USBD_CtlReceiveStatus
                0x00000000080075b0       0x16 build/usbd_ioreq.o
                0x00000000080075b0                USBD_CtlReceiveStatus
 .text.USBD_CDC_EP0_RxReady
                0x00000000080075c6       0x40 build/usbd_cdc.o
 *fill*         0x0000000008007606        0x2 
 .text.USBD_CDC_GetDeviceQualifierDescriptor
                0x0000000008007608        0xc build/usbd_cdc.o
                0x0000000008007608                USBD_CDC_GetDeviceQualifierDescriptor
 .text.USBD_CDC_GetOtherSpeedCfgDesc
                0x0000000008007614       0x48 build/usbd_cdc.o
 .text.USBD_CDC_GetFSCfgDesc
                0x000000000800765c       0x48 build/usbd_cdc.o
 .text.USBD_CDC_GetHSCfgDesc
                0x00000000080076a4       0x48 build/usbd_cdc.o
 .text.USBD_CDC_DataOut
                0x00000000080076ec       0x38 build/usbd_cdc.o
 .text.USBD_CDC_DataIn
                0x0000000008007724       0x7c build/usbd_cdc.o
 .text.USBD_CDC_Setup
                0x00000000080077a0      0x11a build/usbd_cdc.o
 .text.USBD_CDC_DeInit
                0x00000000080078ba       0x64 build/usbd_cdc.o
 .text.USBD_CDC_Init
                0x000000000800791e       0xee build/usbd_cdc.o
 .text.USBD_CDC_RegisterInterface
                0x0000000008007a0c       0x16 build/usbd_cdc.o
                0x0000000008007a0c                USBD_CDC_RegisterInterface
 .text.USBD_CDC_SetTxBuffer
                0x0000000008007a22       0x1c build/usbd_cdc.o
                0x0000000008007a22                USBD_CDC_SetTxBuffer
 .text.USBD_CDC_SetRxBuffer
                0x0000000008007a3e       0x18 build/usbd_cdc.o
                0x0000000008007a3e                USBD_CDC_SetRxBuffer
 .text.USBD_CDC_ReceivePacket
                0x0000000008007a56       0x38 build/usbd_cdc.o
                0x0000000008007a56                USBD_CDC_ReceivePacket
 *fill*         0x0000000008007a8e        0x2 
 .text.Reset_Handler
                0x0000000008007a90       0x50 build/startup_stm32h7a3xxq.o
                0x0000000008007a90                Reset_Handler
 .text.Default_Handler
                0x0000000008007ae0        0x2 build/startup_stm32h7a3xxq.o
                0x0000000008007ae0                RTC_Alarm_IRQHandler
                0x0000000008007ae0                EXTI2_IRQHandler
                0x0000000008007ae0                TIM8_CC_IRQHandler
                0x0000000008007ae0                UART8_IRQHandler
                0x0000000008007ae0                BDMA2_Channel1_IRQHandler
                0x0000000008007ae0                SPI4_IRQHandler
                0x0000000008007ae0                BDMA2_Channel0_IRQHandler
                0x0000000008007ae0                TIM1_CC_IRQHandler
                0x0000000008007ae0                DMA2_Stream5_IRQHandler
                0x0000000008007ae0                JPEG_IRQHandler
                0x0000000008007ae0                DMA1_Stream5_IRQHandler
                0x0000000008007ae0                EXTI3_IRQHandler
                0x0000000008007ae0                LPTIM4_IRQHandler
                0x0000000008007ae0                TIM8_TRG_COM_TIM14_IRQHandler
                0x0000000008007ae0                LPTIM2_IRQHandler
                0x0000000008007ae0                DFSDM1_FLT1_IRQHandler
                0x0000000008007ae0                DMAMUX2_OVR_IRQHandler
                0x0000000008007ae0                GFXMMU_IRQHandler
                0x0000000008007ae0                TIM8_UP_TIM13_IRQHandler
                0x0000000008007ae0                I2C3_ER_IRQHandler
                0x0000000008007ae0                DFSDM1_FLT2_IRQHandler
                0x0000000008007ae0                USART10_IRQHandler
                0x0000000008007ae0                MDMA_IRQHandler
                0x0000000008007ae0                LPTIM3_IRQHandler
                0x0000000008007ae0                BDMA2_Channel3_IRQHandler
                0x0000000008007ae0                HSEM1_IRQHandler
                0x0000000008007ae0                EXTI0_IRQHandler
                0x0000000008007ae0                I2C2_EV_IRQHandler
                0x0000000008007ae0                DAC2_IRQHandler
                0x0000000008007ae0                DMA1_Stream2_IRQHandler
                0x0000000008007ae0                FPU_IRQHandler
                0x0000000008007ae0                OTG_HS_WKUP_IRQHandler
                0x0000000008007ae0                FDCAN1_IT1_IRQHandler
                0x0000000008007ae0                LTDC_ER_IRQHandler
                0x0000000008007ae0                DMA2_Stream2_IRQHandler
                0x0000000008007ae0                OCTOSPI1_IRQHandler
                0x0000000008007ae0                TIM6_DAC_IRQHandler
                0x0000000008007ae0                BDMA2_Channel6_IRQHandler
                0x0000000008007ae0                DMA2_Stream3_IRQHandler
                0x0000000008007ae0                OCTOSPI2_IRQHandler
                0x0000000008007ae0                SAI2_IRQHandler
                0x0000000008007ae0                BDMA1_IRQHandler
                0x0000000008007ae0                DFSDM1_FLT3_IRQHandler
                0x0000000008007ae0                USART6_IRQHandler
                0x0000000008007ae0                TIM17_IRQHandler
                0x0000000008007ae0                USART3_IRQHandler
                0x0000000008007ae0                LPTIM5_IRQHandler
                0x0000000008007ae0                UART5_IRQHandler
                0x0000000008007ae0                DMA2_Stream0_IRQHandler
                0x0000000008007ae0                TIM4_IRQHandler
                0x0000000008007ae0                I2C1_EV_IRQHandler
                0x0000000008007ae0                DMA1_Stream6_IRQHandler
                0x0000000008007ae0                DMAMUX1_OVR_IRQHandler
                0x0000000008007ae0                DMA1_Stream1_IRQHandler
                0x0000000008007ae0                TIM16_IRQHandler
                0x0000000008007ae0                UART4_IRQHandler
                0x0000000008007ae0                TIM3_IRQHandler
                0x0000000008007ae0                RCC_IRQHandler
                0x0000000008007ae0                UART9_IRQHandler
                0x0000000008007ae0                TIM8_BRK_TIM12_IRQHandler
                0x0000000008007ae0                TIM1_TRG_COM_IRQHandler
                0x0000000008007ae0                Default_Handler
                0x0000000008007ae0                ECC_IRQHandler
                0x0000000008007ae0                BDMA2_Channel2_IRQHandler
                0x0000000008007ae0                CEC_IRQHandler
                0x0000000008007ae0                EXTI15_10_IRQHandler
                0x0000000008007ae0                DFSDM1_FLT4_IRQHandler
                0x0000000008007ae0                ADC_IRQHandler
                0x0000000008007ae0                DMA1_Stream7_IRQHandler
                0x0000000008007ae0                SPI5_IRQHandler
                0x0000000008007ae0                TIM7_IRQHandler
                0x0000000008007ae0                SDMMC1_IRQHandler
                0x0000000008007ae0                TIM5_IRQHandler
                0x0000000008007ae0                DMA2_Stream7_IRQHandler
                0x0000000008007ae0                TIM15_IRQHandler
                0x0000000008007ae0                I2C3_EV_IRQHandler
                0x0000000008007ae0                DFSDM2_IRQHandler
                0x0000000008007ae0                EXTI9_5_IRQHandler
                0x0000000008007ae0                RTC_WKUP_IRQHandler
                0x0000000008007ae0                LTDC_IRQHandler
                0x0000000008007ae0                SPDIF_RX_IRQHandler
                0x0000000008007ae0                PVD_PVM_IRQHandler
                0x0000000008007ae0                SPI2_IRQHandler
                0x0000000008007ae0                OTG_HS_EP1_IN_IRQHandler
                0x0000000008007ae0                DFSDM1_FLT5_IRQHandler
                0x0000000008007ae0                CRS_IRQHandler
                0x0000000008007ae0                EXTI4_IRQHandler
                0x0000000008007ae0                DFSDM1_FLT6_IRQHandler
                0x0000000008007ae0                RNG_IRQHandler
                0x0000000008007ae0                FDCAN2_IT1_IRQHandler
                0x0000000008007ae0                COMP_IRQHandler
                0x0000000008007ae0                TIM1_UP_IRQHandler
                0x0000000008007ae0                OTG_HS_EP1_OUT_IRQHandler
                0x0000000008007ae0                WWDG_IRQHandler
                0x0000000008007ae0                SPI6_IRQHandler
                0x0000000008007ae0                MDIOS_IRQHandler
                0x0000000008007ae0                I2C4_EV_IRQHandler
                0x0000000008007ae0                FDCAN2_IT0_IRQHandler
                0x0000000008007ae0                LPUART1_IRQHandler
                0x0000000008007ae0                FDCAN1_IT0_IRQHandler
                0x0000000008007ae0                TIM2_IRQHandler
                0x0000000008007ae0                BDMA2_Channel5_IRQHandler
                0x0000000008007ae0                DMA2D_IRQHandler
                0x0000000008007ae0                TIM1_BRK_IRQHandler
                0x0000000008007ae0                EXTI1_IRQHandler
                0x0000000008007ae0                SDMMC2_IRQHandler
                0x0000000008007ae0                DTS_IRQHandler
                0x0000000008007ae0                UART7_IRQHandler
                0x0000000008007ae0                MDIOS_WKUP_IRQHandler
                0x0000000008007ae0                USART2_IRQHandler
                0x0000000008007ae0                DFSDM1_FLT0_IRQHandler
                0x0000000008007ae0                I2C2_ER_IRQHandler
                0x0000000008007ae0                DMA2_Stream1_IRQHandler
                0x0000000008007ae0                DFSDM1_FLT7_IRQHandler
                0x0000000008007ae0                FLASH_IRQHandler
                0x0000000008007ae0                DMA2_Stream4_IRQHandler
                0x0000000008007ae0                USART1_IRQHandler
                0x0000000008007ae0                SPI3_IRQHandler
                0x0000000008007ae0                WAKEUP_PIN_IRQHandler
                0x0000000008007ae0                DMA1_Stream4_IRQHandler
                0x0000000008007ae0                I2C1_ER_IRQHandler
                0x0000000008007ae0                FMC_IRQHandler
                0x0000000008007ae0                BDMA2_Channel7_IRQHandler
                0x0000000008007ae0                FDCAN_CAL_IRQHandler
                0x0000000008007ae0                SWPMI1_IRQHandler
                0x0000000008007ae0                LPTIM1_IRQHandler
                0x0000000008007ae0                DCMI_PSSI_IRQHandler
                0x0000000008007ae0                I2C4_ER_IRQHandler
                0x0000000008007ae0                DMA2_Stream6_IRQHandler
                0x0000000008007ae0                SAI1_IRQHandler
                0x0000000008007ae0                DMA1_Stream3_IRQHandler
                0x0000000008007ae0                RTC_TAMP_STAMP_CSS_LSE_IRQHandler
                0x0000000008007ae0                BDMA2_Channel4_IRQHandler
 .text.memset   0x0000000008007ae2       0x10 /home/jack/ece331/Downloads/arm-gnu-toolchain-12.2.rel1-aarch64-arm-none-eabi/bin/../lib/gcc/arm-none-eabi/12.2.1/../../../../arm-none-eabi/lib/thumb/v7e-m+dp/hard/libc_nano.a(libc_a-memset.o)
                0x0000000008007ae2                memset
 *fill*         0x0000000008007af2        0x2 
 .text.__libc_init_array
                0x0000000008007af4       0x48 /home/jack/ece331/Downloads/arm-gnu-toolchain-12.2.rel1-aarch64-arm-none-eabi/bin/../lib/gcc/arm-none-eabi/12.2.1/../../../../arm-none-eabi/lib/thumb/v7e-m+dp/hard/libc_nano.a(libc_a-init.o)
                0x0000000008007af4                __libc_init_array
 .text.__udivmoddi4
                0x0000000008007b3c      0x2bc /home/jack/ece331/Downloads/arm-gnu-toolchain-12.2.rel1-aarch64-arm-none-eabi/bin/../lib/gcc/arm-none-eabi/12.2.1/thumb/v7e-m+dp/hard/libgcc.a(_udivmoddi4.o)
                0x0000000008007b3c                __udivmoddi4
 *(.glue_7)
 .glue_7        0x0000000008007df8        0x0 linker stubs
 *(.glue_7t)
 .glue_7t       0x0000000008007df8        0x0 linker stubs
 *(.eh_frame)
 .eh_frame      0x0000000008007df8        0x0 /home/jack/ece331/Downloads/arm-gnu-toolchain-12.2.rel1-aarch64-arm-none-eabi/bin/../lib/gcc/arm-none-eabi/12.2.1/thumb/v7e-m+dp/hard/crtbegin.o
 *(.init)
 .init          0x0000000008007df8        0x4 /home/jack/ece331/Downloads/arm-gnu-toolchain-12.2.rel1-aarch64-arm-none-eabi/bin/../lib/gcc/arm-none-eabi/12.2.1/thumb/v7e-m+dp/hard/crti.o
                0x0000000008007df8                _init
 .init          0x0000000008007dfc        0x8 /home/jack/ece331/Downloads/arm-gnu-toolchain-12.2.rel1-aarch64-arm-none-eabi/bin/../lib/gcc/arm-none-eabi/12.2.1/thumb/v7e-m+dp/hard/crtn.o
 *(.fini)
 .fini          0x0000000008007e04        0x4 /home/jack/ece331/Downloads/arm-gnu-toolchain-12.2.rel1-aarch64-arm-none-eabi/bin/../lib/gcc/arm-none-eabi/12.2.1/thumb/v7e-m+dp/hard/crti.o
                0x0000000008007e04                _fini
 .fini          0x0000000008007e08        0x8 /home/jack/ece331/Downloads/arm-gnu-toolchain-12.2.rel1-aarch64-arm-none-eabi/bin/../lib/gcc/arm-none-eabi/12.2.1/thumb/v7e-m+dp/hard/crtn.o
                0x0000000008007e10                . = ALIGN (0x4)
                0x0000000008007e10                _etext = .

.vfp11_veneer   0x0000000008007e10        0x0
 .vfp11_veneer  0x0000000008007e10        0x0 linker stubs

.v4_bx          0x0000000008007e10        0x0
 .v4_bx         0x0000000008007e10        0x0 linker stubs

.iplt           0x0000000008007e10        0x0
 .iplt          0x0000000008007e10        0x0 /home/jack/ece331/Downloads/arm-gnu-toolchain-12.2.rel1-aarch64-arm-none-eabi/bin/../lib/gcc/arm-none-eabi/12.2.1/thumb/v7e-m+dp/hard/crtbegin.o

.rodata         0x0000000008007e10       0x88
                0x0000000008007e10                . = ALIGN (0x4)
 *(.rodata)
 *(.rodata*)
 .rodata.USBD_HS_ProductStrDescriptor.str1.4
                0x0000000008007e10       0x16 build/usbd_desc.o
 *fill*         0x0000000008007e26        0x2 
 .rodata.USBD_HS_ManufacturerStrDescriptor.str1.4
                0x0000000008007e28       0x13 build/usbd_desc.o
 *fill*         0x0000000008007e3b        0x1 
 .rodata.USBD_HS_ConfigStrDescriptor.str1.4
                0x0000000008007e3c        0xb build/usbd_desc.o
 *fill*         0x0000000008007e47        0x1 
 .rodata.USBD_HS_InterfaceStrDescriptor.str1.4
                0x0000000008007e48        0xe build/usbd_desc.o
 *fill*         0x0000000008007e56        0x2 
 .rodata.flagBitshiftOffset.0
                0x0000000008007e58        0x8 build/stm32h7xx_hal_dma.o
 .rodata.UARTPrescTable
                0x0000000008007e60       0x18 build/stm32h7xx_hal_uart.o
                0x0000000008007e60                UARTPrescTable
 .rodata.denominator.0
                0x0000000008007e78        0x8 build/stm32h7xx_hal_uart_ex.o
 .rodata.numerator.1
                0x0000000008007e80        0x8 build/stm32h7xx_hal_uart_ex.o
 .rodata.D1CorePrescTable
                0x0000000008007e88       0x10 build/system_stm32h7xx.o
                0x0000000008007e88                D1CorePrescTable
                0x0000000008007e98                . = ALIGN (0x4)

.ARM.extab
 *(.ARM.extab* .gnu.linkonce.armextab.*)

.ARM            0x0000000008007e98        0x8
                0x0000000008007e98                __exidx_start = .
 *(.ARM.exidx*)
 .ARM.exidx.text.__udivmoddi4
                0x0000000008007e98        0x8 /home/jack/ece331/Downloads/arm-gnu-toolchain-12.2.rel1-aarch64-arm-none-eabi/bin/../lib/gcc/arm-none-eabi/12.2.1/thumb/v7e-m+dp/hard/libgcc.a(_udivmoddi4.o)
                0x0000000008007ea0                __exidx_end = .

.rel.dyn        0x0000000008007ea0        0x0
 .rel.iplt      0x0000000008007ea0        0x0 /home/jack/ece331/Downloads/arm-gnu-toolchain-12.2.rel1-aarch64-arm-none-eabi/bin/../lib/gcc/arm-none-eabi/12.2.1/thumb/v7e-m+dp/hard/crtbegin.o

.preinit_array  0x0000000008007ea0        0x0
                0x0000000008007ea0                PROVIDE (__preinit_array_start = .)
 *(.preinit_array*)
                0x0000000008007ea0                PROVIDE (__preinit_array_end = .)

.init_array     0x0000000008007ea0        0x4
                0x0000000008007ea0                PROVIDE (__init_array_start = .)
 *(SORT_BY_NAME(.init_array.*))
 *(.init_array*)
 .init_array    0x0000000008007ea0        0x4 /home/jack/ece331/Downloads/arm-gnu-toolchain-12.2.rel1-aarch64-arm-none-eabi/bin/../lib/gcc/arm-none-eabi/12.2.1/thumb/v7e-m+dp/hard/crtbegin.o
                0x0000000008007ea4                PROVIDE (__init_array_end = .)

.fini_array     0x0000000008007ea4        0x4
                [!provide]                        PROVIDE (__fini_array_start = .)
 *(SORT_BY_NAME(.fini_array.*))
 *(.fini_array*)
 .fini_array    0x0000000008007ea4        0x4 /home/jack/ece331/Downloads/arm-gnu-toolchain-12.2.rel1-aarch64-arm-none-eabi/bin/../lib/gcc/arm-none-eabi/12.2.1/thumb/v7e-m+dp/hard/crtbegin.o
                [!provide]                        PROVIDE (__fini_array_end = .)
                0x0000000008007ea8                _sidata = LOADADDR (.data)

.data           0x0000000020000000       0xfc load address 0x0000000008007ea8
                0x0000000020000000                . = ALIGN (0x4)
                0x0000000020000000                _sdata = .
 *(.data)
 *(.data*)
 .data.USBD_StringSerial
                0x0000000020000000       0x1a build/usbd_desc.o
                0x0000000020000000                USBD_StringSerial
 *fill*         0x000000002000001a        0x2 
 .data.USBD_LangIDDesc
                0x000000002000001c        0x4 build/usbd_desc.o
                0x000000002000001c                USBD_LangIDDesc
 .data.USBD_HS_DeviceDesc
                0x0000000020000020       0x12 build/usbd_desc.o
                0x0000000020000020                USBD_HS_DeviceDesc
 *fill*         0x0000000020000032        0x2 
 .data.HS_Desc  0x0000000020000034       0x1c build/usbd_desc.o
                0x0000000020000034                HS_Desc
 .data.USBD_Interface_fops_HS
                0x0000000020000050       0x14 build/usbd_cdc_if.o
                0x0000000020000050                USBD_Interface_fops_HS
 .data.uwTickFreq
                0x0000000020000064        0x1 build/stm32h7xx_hal.o
                0x0000000020000064                uwTickFreq
 *fill*         0x0000000020000065        0x3 
 .data.uwTickPrio
                0x0000000020000068        0x4 build/stm32h7xx_hal.o
                0x0000000020000068                uwTickPrio
 .data.SystemD2Clock
                0x000000002000006c        0x4 build/system_stm32h7xx.o
                0x000000002000006c                SystemD2Clock
 .data.SystemCoreClock
                0x0000000020000070        0x4 build/system_stm32h7xx.o
                0x0000000020000070                SystemCoreClock
 .data.USBD_CDC_CfgDesc
                0x0000000020000074       0x43 build/usbd_cdc.o
 *fill*         0x00000000200000b7        0x1 
 .data.USBD_CDC
                0x00000000200000b8       0x38 build/usbd_cdc.o
                0x00000000200000b8                USBD_CDC
 .data.USBD_CDC_DeviceQualifierDesc
                0x00000000200000f0        0xa build/usbd_cdc.o
                0x00000000200000fc                . = ALIGN (0x4)
 *fill*         0x00000000200000fa        0x2 
                0x00000000200000fc                _edata = .

.tm_clone_table
                0x00000000200000fc        0x0 load address 0x0000000008007fa4
 .tm_clone_table
                0x00000000200000fc        0x0 /home/jack/ece331/Downloads/arm-gnu-toolchain-12.2.rel1-aarch64-arm-none-eabi/bin/../lib/gcc/arm-none-eabi/12.2.1/thumb/v7e-m+dp/hard/crtbegin.o
 .tm_clone_table
                0x00000000200000fc        0x0 /home/jack/ece331/Downloads/arm-gnu-toolchain-12.2.rel1-aarch64-arm-none-eabi/bin/../lib/gcc/arm-none-eabi/12.2.1/thumb/v7e-m+dp/hard/crtend.o

.igot.plt       0x00000000200000fc        0x0 load address 0x0000000008007fa4
 .igot.plt      0x00000000200000fc        0x0 /home/jack/ece331/Downloads/arm-gnu-toolchain-12.2.rel1-aarch64-arm-none-eabi/bin/../lib/gcc/arm-none-eabi/12.2.1/thumb/v7e-m+dp/hard/crtbegin.o
                0x00000000200000fc                . = ALIGN (0x4)

.bss            0x00000000200000fc     0x1e14 load address 0x0000000008007fa4
                0x00000000200000fc                _sbss = .
                0x00000000200000fc                __bss_start__ = _sbss
 *(.bss)
 *(.bss*)
 .bss.completed.1
                0x00000000200000fc        0x1 /home/jack/ece331/Downloads/arm-gnu-toolchain-12.2.rel1-aarch64-arm-none-eabi/bin/../lib/gcc/arm-none-eabi/12.2.1/thumb/v7e-m+dp/hard/crtbegin.o
 *fill*         0x00000000200000fd        0x3 
 .bss.object.0  0x0000000020000100       0x18 /home/jack/ece331/Downloads/arm-gnu-toolchain-12.2.rel1-aarch64-arm-none-eabi/bin/../lib/gcc/arm-none-eabi/12.2.1/thumb/v7e-m+dp/hard/crtbegin.o
 .bss.hi2c1     0x0000000020000118       0x54 build/i2c.o
                0x0000000020000118                hi2c1
 .bss.hdma_spi1_tx
                0x000000002000016c       0x78 build/spi.o
                0x000000002000016c                hdma_spi1_tx
 .bss.hspi1     0x00000000200001e4       0x88 build/spi.o
                0x00000000200001e4                hspi1
 .bss.huart3    0x000000002000026c       0x94 build/usart.o
                0x000000002000026c                huart3
 .bss.hUsbDeviceHS
                0x0000000020000300      0x2dc build/usb_device.o
                0x0000000020000300                hUsbDeviceHS
 .bss.USBD_StrDesc
                0x00000000200005dc      0x200 build/usbd_desc.o
                0x00000000200005dc                USBD_StrDesc
 .bss.UserTxBufferHS
                0x00000000200007dc      0x800 build/usbd_cdc_if.o
                0x00000000200007dc                UserTxBufferHS
 .bss.UserRxBufferHS
                0x0000000020000fdc      0x800 build/usbd_cdc_if.o
                0x0000000020000fdc                UserRxBufferHS
 .bss.mem.0     0x00000000200017dc      0x220 build/usbd_conf.o
 .bss.hpcd_USB_OTG_HS
                0x00000000200019fc      0x50c build/usbd_conf.o
                0x00000000200019fc                hpcd_USB_OTG_HS
 .bss.uwTick    0x0000000020001f08        0x4 build/stm32h7xx_hal.o
                0x0000000020001f08                uwTick
 .bss.cfgidx.0  0x0000000020001f0c        0x1 build/usbd_ctlreq.o
 *(COMMON)
                0x0000000020001f10                . = ALIGN (0x4)
 *fill*         0x0000000020001f0d        0x3 
                0x0000000020001f10                _ebss = .
                0x0000000020001f10                __bss_end__ = _ebss

._user_heap_stack
                0x0000000020001f10     0x6000 load address 0x0000000008007fa4
                0x0000000020001f10                . = ALIGN (0x8)
                0x0000000020001f10                PROVIDE (end = .)
                [!provide]                        PROVIDE (_end = .)
                0x0000000020003f10                . = (. + _Min_Heap_Size)
 *fill*         0x0000000020001f10     0x2000 
                0x0000000020007f10                . = (. + _Min_Stack_Size)
 *fill*         0x0000000020003f10     0x4000 
                0x0000000020007f10                . = ALIGN (0x8)

/DISCARD/
 libc.a(*)
 libm.a(*)
 libgcc.a(*)

.ARM.attributes
                0x0000000000000000       0x2e
 *(.ARM.attributes)
 .ARM.attributes
                0x0000000000000000       0x20 /home/jack/ece331/Downloads/arm-gnu-toolchain-12.2.rel1-aarch64-arm-none-eabi/bin/../lib/gcc/arm-none-eabi/12.2.1/thumb/v7e-m+dp/hard/crti.o
 .ARM.attributes
                0x0000000000000020       0x32 /home/jack/ece331/Downloads/arm-gnu-toolchain-12.2.rel1-aarch64-arm-none-eabi/bin/../lib/gcc/arm-none-eabi/12.2.1/thumb/v7e-m+dp/hard/crtbegin.o
 .ARM.attributes
                0x0000000000000052       0x32 build/main.o
 .ARM.attributes
                0x0000000000000084       0x32 build/gpio.o
 .ARM.attributes
                0x00000000000000b6       0x32 build/dma.o
 .ARM.attributes
                0x00000000000000e8       0x32 build/i2c.o
 .ARM.attributes
                0x000000000000011a       0x32 build/spi.o
 .ARM.attributes
                0x000000000000014c       0x32 build/usart.o
 .ARM.attributes
                0x000000000000017e       0x32 build/stm32h7xx_it.o
 .ARM.attributes
                0x00000000000001b0       0x32 build/stm32h7xx_hal_msp.o
 .ARM.attributes
                0x00000000000001e2       0x32 build/usb_device.o
 .ARM.attributes
                0x0000000000000214       0x32 build/usbd_desc.o
 .ARM.attributes
                0x0000000000000246       0x32 build/usbd_cdc_if.o
 .ARM.attributes
                0x0000000000000278       0x32 build/usbd_conf.o
 .ARM.attributes
                0x00000000000002aa       0x32 build/stm32h7xx_hal_pcd.o
 .ARM.attributes
                0x00000000000002dc       0x32 build/stm32h7xx_hal_pcd_ex.o
 .ARM.attributes
                0x000000000000030e       0x32 build/stm32h7xx_ll_usb.o
 .ARM.attributes
                0x0000000000000340       0x32 build/stm32h7xx_hal_rcc.o
 .ARM.attributes
                0x0000000000000372       0x32 build/stm32h7xx_hal_rcc_ex.o
 .ARM.attributes
                0x00000000000003a4       0x32 build/stm32h7xx_hal_gpio.o
 .ARM.attributes
                0x00000000000003d6       0x32 build/stm32h7xx_hal_dma.o
 .ARM.attributes
                0x0000000000000408       0x32 build/stm32h7xx_hal_pwr_ex.o
 .ARM.attributes
                0x000000000000043a       0x32 build/stm32h7xx_hal_cortex.o
 .ARM.attributes
                0x000000000000046c       0x32 build/stm32h7xx_hal.o
 .ARM.attributes
                0x000000000000049e       0x32 build/stm32h7xx_hal_i2c.o
 .ARM.attributes
                0x00000000000004d0       0x32 build/stm32h7xx_hal_i2c_ex.o
 .ARM.attributes
                0x0000000000000502       0x32 build/stm32h7xx_hal_spi.o
 .ARM.attributes
                0x0000000000000534       0x32 build/stm32h7xx_hal_uart.o
 .ARM.attributes
                0x0000000000000566       0x32 build/stm32h7xx_hal_uart_ex.o
 .ARM.attributes
                0x0000000000000598       0x32 build/system_stm32h7xx.o
 .ARM.attributes
                0x00000000000005ca       0x32 build/usbd_core.o
 .ARM.attributes
                0x00000000000005fc       0x32 build/usbd_ctlreq.o
 .ARM.attributes
                0x000000000000062e       0x32 build/usbd_ioreq.o
 .ARM.attributes
                0x0000000000000660       0x32 build/usbd_cdc.o
 .ARM.attributes
                0x0000000000000692       0x21 build/startup_stm32h7a3xxq.o
 .ARM.attributes
                0x00000000000006b3       0x32 /home/jack/ece331/Downloads/arm-gnu-toolchain-12.2.rel1-aarch64-arm-none-eabi/bin/../lib/gcc/arm-none-eabi/12.2.1/../../../../arm-none-eabi/lib/thumb/v7e-m+dp/hard/libc_nano.a(libc_a-memset.o)
 .ARM.attributes
                0x00000000000006e5       0x32 /home/jack/ece331/Downloads/arm-gnu-toolchain-12.2.rel1-aarch64-arm-none-eabi/bin/../lib/gcc/arm-none-eabi/12.2.1/../../../../arm-none-eabi/lib/thumb/v7e-m+dp/hard/libc_nano.a(libc_a-init.o)
 .ARM.attributes
                0x0000000000000717       0x20 /home/jack/ece331/Downloads/arm-gnu-toolchain-12.2.rel1-aarch64-arm-none-eabi/bin/../lib/gcc/arm-none-eabi/12.2.1/thumb/v7e-m+dp/hard/libgcc.a(_aeabi_uldivmod.o)
 .ARM.attributes
                0x0000000000000737       0x32 /home/jack/ece331/Downloads/arm-gnu-toolchain-12.2.rel1-aarch64-arm-none-eabi/bin/../lib/gcc/arm-none-eabi/12.2.1/thumb/v7e-m+dp/hard/libgcc.a(_udivmoddi4.o)
 .ARM.attributes
                0x0000000000000769       0x20 /home/jack/ece331/Downloads/arm-gnu-toolchain-12.2.rel1-aarch64-arm-none-eabi/bin/../lib/gcc/arm-none-eabi/12.2.1/thumb/v7e-m+dp/hard/libgcc.a(_dvmd_tls.o)
 .ARM.attributes
                0x0000000000000789       0x32 /home/jack/ece331/Downloads/arm-gnu-toolchain-12.2.rel1-aarch64-arm-none-eabi/bin/../lib/gcc/arm-none-eabi/12.2.1/thumb/v7e-m+dp/hard/crtend.o
 .ARM.attributes
                0x00000000000007bb       0x20 /home/jack/ece331/Downloads/arm-gnu-toolchain-12.2.rel1-aarch64-arm-none-eabi/bin/../lib/gcc/arm-none-eabi/12.2.1/thumb/v7e-m+dp/hard/crtn.o
OUTPUT(build/rtossed.elf elf32-littlearm)
LOAD linker stubs
LOAD /home/jack/ece331/Downloads/arm-gnu-toolchain-12.2.rel1-aarch64-arm-none-eabi/bin/../lib/gcc/arm-none-eabi/12.2.1/../../../../arm-none-eabi/lib/thumb/v7e-m+dp/hard/libc.a
LOAD /home/jack/ece331/Downloads/arm-gnu-toolchain-12.2.rel1-aarch64-arm-none-eabi/bin/../lib/gcc/arm-none-eabi/12.2.1/../../../../arm-none-eabi/lib/thumb/v7e-m+dp/hard/libm.a
LOAD /home/jack/ece331/Downloads/arm-gnu-toolchain-12.2.rel1-aarch64-arm-none-eabi/bin/../lib/gcc/arm-none-eabi/12.2.1/thumb/v7e-m+dp/hard/libgcc.a

.debug_info     0x0000000000000000    0x2e1e5
 .debug_info    0x0000000000000000      0xbe3 build/main.o
 .debug_info    0x0000000000000be3      0x907 build/gpio.o
 .debug_info    0x00000000000014ea      0x940 build/dma.o
 .debug_info    0x0000000000001e2a     0x135d build/i2c.o
 .debug_info    0x0000000000003187     0x1898 build/spi.o
 .debug_info    0x0000000000004a1f     0x1448 build/usart.o
 .debug_info    0x0000000000005e67      0xfd2 build/stm32h7xx_it.o
 .debug_info    0x0000000000006e39      0x565 build/stm32h7xx_hal_msp.o
 .debug_info    0x000000000000739e      0x8b7 build/usb_device.o
 .debug_info    0x0000000000007c55      0x655 build/usbd_desc.o
 .debug_info    0x00000000000082aa      0xaf4 build/usbd_cdc_if.o
 .debug_info    0x0000000000008d9e     0x2e3f build/usbd_conf.o
 .debug_info    0x000000000000bbdd     0x1f5e build/stm32h7xx_hal_pcd.o
 .debug_info    0x000000000000db3b      0xb35 build/stm32h7xx_hal_pcd_ex.o
 .debug_info    0x000000000000e670     0x2218 build/stm32h7xx_ll_usb.o
 .debug_info    0x0000000000010888     0x1406 build/stm32h7xx_hal_rcc.o
 .debug_info    0x0000000000011c8e     0x1c6c build/stm32h7xx_hal_rcc_ex.o
 .debug_info    0x00000000000138fa      0xd6e build/stm32h7xx_hal_gpio.o
 .debug_info    0x0000000000014668      0xfd9 build/stm32h7xx_hal_dma.o
 .debug_info    0x0000000000015641     0x12e3 build/stm32h7xx_hal_pwr_ex.o
 .debug_info    0x0000000000016924     0x14c9 build/stm32h7xx_hal_cortex.o
 .debug_info    0x0000000000017ded     0x177c build/stm32h7xx_hal.o
 .debug_info    0x0000000000019569     0x465e build/stm32h7xx_hal_i2c.o
 .debug_info    0x000000000001dbc7      0xe87 build/stm32h7xx_hal_i2c_ex.o
 .debug_info    0x000000000001ea4e     0x1d54 build/stm32h7xx_hal_spi.o
 .debug_info    0x00000000000207a2     0x6aa9 build/stm32h7xx_hal_uart.o
 .debug_info    0x000000000002724b     0x13f1 build/stm32h7xx_hal_uart_ex.o
 .debug_info    0x000000000002863c      0xe20 build/system_stm32h7xx.o
 .debug_info    0x000000000002945c     0x1448 build/usbd_core.o
 .debug_info    0x000000000002a8a4     0x1551 build/usbd_ctlreq.o
 .debug_info    0x000000000002bdf5      0x9c0 build/usbd_ioreq.o
 .debug_info    0x000000000002c7b5     0x1a00 build/usbd_cdc.o
 .debug_info    0x000000000002e1b5       0x30 build/startup_stm32h7a3xxq.o

.debug_abbrev   0x0000000000000000     0x4fa5
 .debug_abbrev  0x0000000000000000      0x22e build/main.o
 .debug_abbrev  0x000000000000022e      0x184 build/gpio.o
 .debug_abbrev  0x00000000000003b2      0x12f build/dma.o
 .debug_abbrev  0x00000000000004e1      0x246 build/i2c.o
 .debug_abbrev  0x0000000000000727      0x247 build/spi.o
 .debug_abbrev  0x000000000000096e      0x242 build/usart.o
 .debug_abbrev  0x0000000000000bb0      0x1b3 build/stm32h7xx_it.o
 .debug_abbrev  0x0000000000000d63       0xc8 build/stm32h7xx_hal_msp.o
 .debug_abbrev  0x0000000000000e2b      0x1af build/usb_device.o
 .debug_abbrev  0x0000000000000fda      0x24b build/usbd_desc.o
 .debug_abbrev  0x0000000000001225      0x2bc build/usbd_cdc_if.o
 .debug_abbrev  0x00000000000014e1      0x356 build/usbd_conf.o
 .debug_abbrev  0x0000000000001837      0x315 build/stm32h7xx_hal_pcd.o
 .debug_abbrev  0x0000000000001b4c      0x287 build/stm32h7xx_hal_pcd_ex.o
 .debug_abbrev  0x0000000000001dd3      0x33d build/stm32h7xx_ll_usb.o
 .debug_abbrev  0x0000000000002110      0x29b build/stm32h7xx_hal_rcc.o
 .debug_abbrev  0x00000000000023ab      0x285 build/stm32h7xx_hal_rcc_ex.o
 .debug_abbrev  0x0000000000002630      0x253 build/stm32h7xx_hal_gpio.o
 .debug_abbrev  0x0000000000002883      0x2ee build/stm32h7xx_hal_dma.o
 .debug_abbrev  0x0000000000002b71      0x2ca build/stm32h7xx_hal_pwr_ex.o
 .debug_abbrev  0x0000000000002e3b      0x3e6 build/stm32h7xx_hal_cortex.o
 .debug_abbrev  0x0000000000003221      0x2b1 build/stm32h7xx_hal.o
 .debug_abbrev  0x00000000000034d2      0x2dd build/stm32h7xx_hal_i2c.o
 .debug_abbrev  0x00000000000037af      0x1c4 build/stm32h7xx_hal_i2c_ex.o
 .debug_abbrev  0x0000000000003973      0x309 build/stm32h7xx_hal_spi.o
 .debug_abbrev  0x0000000000003c7c      0x391 build/stm32h7xx_hal_uart.o
 .debug_abbrev  0x000000000000400d      0x348 build/stm32h7xx_hal_uart_ex.o
 .debug_abbrev  0x0000000000004355      0x12a build/system_stm32h7xx.o
 .debug_abbrev  0x000000000000447f      0x2ec build/usbd_core.o
 .debug_abbrev  0x000000000000476b      0x359 build/usbd_ctlreq.o
 .debug_abbrev  0x0000000000004ac4      0x195 build/usbd_ioreq.o
 .debug_abbrev  0x0000000000004c59      0x32f build/usbd_cdc.o
 .debug_abbrev  0x0000000000004f88       0x1d build/startup_stm32h7a3xxq.o

.debug_loc      0x0000000000000000    0x1d0e0
 .debug_loc     0x0000000000000000       0x66 build/main.o
 .debug_loc     0x0000000000000066       0x39 build/gpio.o
 .debug_loc     0x000000000000009f       0x38 build/dma.o
 .debug_loc     0x00000000000000d7      0x107 build/i2c.o
 .debug_loc     0x00000000000001de       0xda build/spi.o
 .debug_loc     0x00000000000002b8       0xea build/usart.o
 .debug_loc     0x00000000000003a2       0x80 build/stm32h7xx_it.o
 .debug_loc     0x0000000000000422       0x2c build/stm32h7xx_hal_msp.o
 .debug_loc     0x000000000000044e       0x20 build/usb_device.o
 .debug_loc     0x000000000000046e      0x47b build/usbd_desc.o
 .debug_loc     0x00000000000008e9      0x1bc build/usbd_cdc_if.o
 .debug_loc     0x0000000000000aa5      0xf84 build/usbd_conf.o
 .debug_loc     0x0000000000001a29     0x164c build/stm32h7xx_hal_pcd.o
 .debug_loc     0x0000000000003075      0x28e build/stm32h7xx_hal_pcd_ex.o
 .debug_loc     0x0000000000003303     0x26d7 build/stm32h7xx_ll_usb.o
 .debug_loc     0x00000000000059da      0xa80 build/stm32h7xx_hal_rcc.o
 .debug_loc     0x000000000000645a     0x1df9 build/stm32h7xx_hal_rcc_ex.o
 .debug_loc     0x0000000000008253      0x482 build/stm32h7xx_hal_gpio.o
 .debug_loc     0x00000000000086d5     0x10aa build/stm32h7xx_hal_dma.o
 .debug_loc     0x000000000000977f      0x5bb build/stm32h7xx_hal_pwr_ex.o
 .debug_loc     0x0000000000009d3a      0x7b9 build/stm32h7xx_hal_cortex.o
 .debug_loc     0x000000000000a4f3      0x516 build/stm32h7xx_hal.o
 .debug_loc     0x000000000000aa09     0x58af build/stm32h7xx_hal_i2c.o
 .debug_loc     0x00000000000102b8      0x237 build/stm32h7xx_hal_i2c_ex.o
 .debug_loc     0x00000000000104ef     0x1eb1 build/stm32h7xx_hal_spi.o
 .debug_loc     0x00000000000123a0     0x6429 build/stm32h7xx_hal_uart.o
 .debug_loc     0x00000000000187c9      0xd7a build/stm32h7xx_hal_uart_ex.o
 .debug_loc     0x0000000000019543      0x1f2 build/system_stm32h7xx.o
 .debug_loc     0x0000000000019735     0x102a build/usbd_core.o
 .debug_loc     0x000000000001a75f     0x1a0d build/usbd_ctlreq.o
 .debug_loc     0x000000000001c16c      0x398 build/usbd_ioreq.o
 .debug_loc     0x000000000001c504      0xbdc build/usbd_cdc.o

.debug_aranges  0x0000000000000000     0x1740
 .debug_aranges
                0x0000000000000000       0x30 build/main.o
 .debug_aranges
                0x0000000000000030       0x20 build/gpio.o
 .debug_aranges
                0x0000000000000050       0x20 build/dma.o
 .debug_aranges
                0x0000000000000070       0x30 build/i2c.o
 .debug_aranges
                0x00000000000000a0       0x30 build/spi.o
 .debug_aranges
                0x00000000000000d0       0x30 build/usart.o
 .debug_aranges
                0x0000000000000100       0x78 build/stm32h7xx_it.o
 .debug_aranges
                0x0000000000000178       0x20 build/stm32h7xx_hal_msp.o
 .debug_aranges
                0x0000000000000198       0x20 build/usb_device.o
 .debug_aranges
                0x00000000000001b8       0x60 build/usbd_desc.o
 .debug_aranges
                0x0000000000000218       0x48 build/usbd_cdc_if.o
 .debug_aranges
                0x0000000000000260      0x110 build/usbd_conf.o
 .debug_aranges
                0x0000000000000370      0x140 build/stm32h7xx_hal_pcd.o
 .debug_aranges
                0x00000000000004b0       0x60 build/stm32h7xx_hal_pcd_ex.o
 .debug_aranges
                0x0000000000000510      0x1a0 build/stm32h7xx_ll_usb.o
 .debug_aranges
                0x00000000000006b0       0x88 build/stm32h7xx_hal_rcc.o
 .debug_aranges
                0x0000000000000738       0xf0 build/stm32h7xx_hal_rcc_ex.o
 .debug_aranges
                0x0000000000000828       0x58 build/stm32h7xx_hal_gpio.o
 .debug_aranges
                0x0000000000000880       0xa0 build/stm32h7xx_hal_dma.o
 .debug_aranges
                0x0000000000000920      0x188 build/stm32h7xx_hal_pwr_ex.o
 .debug_aranges
                0x0000000000000aa8       0xe8 build/stm32h7xx_hal_cortex.o
 .debug_aranges
                0x0000000000000b90      0x1a0 build/stm32h7xx_hal.o
 .debug_aranges
                0x0000000000000d30      0x2a0 build/stm32h7xx_hal_i2c.o
 .debug_aranges
                0x0000000000000fd0       0x48 build/stm32h7xx_hal_i2c_ex.o
 .debug_aranges
                0x0000000000001018      0x1a8 build/stm32h7xx_hal_spi.o
 .debug_aranges
                0x00000000000011c0      0x248 build/stm32h7xx_hal_uart.o
 .debug_aranges
                0x0000000000001408       0xa8 build/stm32h7xx_hal_uart_ex.o
 .debug_aranges
                0x00000000000014b0       0x28 build/system_stm32h7xx.o
 .debug_aranges
                0x00000000000014d8       0xd8 build/usbd_core.o
 .debug_aranges
                0x00000000000015b0       0x88 build/usbd_ctlreq.o
 .debug_aranges
                0x0000000000001638       0x50 build/usbd_ioreq.o
 .debug_aranges
                0x0000000000001688       0x90 build/usbd_cdc.o
 .debug_aranges
                0x0000000000001718       0x28 build/startup_stm32h7a3xxq.o

.debug_ranges   0x0000000000000000     0x1620
 .debug_ranges  0x0000000000000000       0x20 build/main.o
 .debug_ranges  0x0000000000000020       0x10 build/gpio.o
 .debug_ranges  0x0000000000000030       0x10 build/dma.o
 .debug_ranges  0x0000000000000040       0x20 build/i2c.o
 .debug_ranges  0x0000000000000060       0x20 build/spi.o
 .debug_ranges  0x0000000000000080       0x20 build/usart.o
 .debug_ranges  0x00000000000000a0       0x68 build/stm32h7xx_it.o
 .debug_ranges  0x0000000000000108       0x10 build/stm32h7xx_hal_msp.o
 .debug_ranges  0x0000000000000118       0x10 build/usb_device.o
 .debug_ranges  0x0000000000000128       0x50 build/usbd_desc.o
 .debug_ranges  0x0000000000000178       0x38 build/usbd_cdc_if.o
 .debug_ranges  0x00000000000001b0      0x100 build/usbd_conf.o
 .debug_ranges  0x00000000000002b0      0x130 build/stm32h7xx_hal_pcd.o
 .debug_ranges  0x00000000000003e0       0x50 build/stm32h7xx_hal_pcd_ex.o
 .debug_ranges  0x0000000000000430      0x190 build/stm32h7xx_ll_usb.o
 .debug_ranges  0x00000000000005c0       0xe8 build/stm32h7xx_hal_rcc.o
 .debug_ranges  0x00000000000006a8       0xe0 build/stm32h7xx_hal_rcc_ex.o
 .debug_ranges  0x0000000000000788       0x48 build/stm32h7xx_hal_gpio.o
 .debug_ranges  0x00000000000007d0       0xa8 build/stm32h7xx_hal_dma.o
 .debug_ranges  0x0000000000000878      0x1d8 build/stm32h7xx_hal_pwr_ex.o
 .debug_ranges  0x0000000000000a50       0xd8 build/stm32h7xx_hal_cortex.o
 .debug_ranges  0x0000000000000b28      0x190 build/stm32h7xx_hal.o
 .debug_ranges  0x0000000000000cb8      0x290 build/stm32h7xx_hal_i2c.o
 .debug_ranges  0x0000000000000f48       0x38 build/stm32h7xx_hal_i2c_ex.o
 .debug_ranges  0x0000000000000f80      0x198 build/stm32h7xx_hal_spi.o
 .debug_ranges  0x0000000000001118      0x238 build/stm32h7xx_hal_uart.o
 .debug_ranges  0x0000000000001350       0x98 build/stm32h7xx_hal_uart_ex.o
 .debug_ranges  0x00000000000013e8       0x18 build/system_stm32h7xx.o
 .debug_ranges  0x0000000000001400       0xc8 build/usbd_core.o
 .debug_ranges  0x00000000000014c8       0x78 build/usbd_ctlreq.o
 .debug_ranges  0x0000000000001540       0x40 build/usbd_ioreq.o
 .debug_ranges  0x0000000000001580       0x80 build/usbd_cdc.o
 .debug_ranges  0x0000000000001600       0x20 build/startup_stm32h7a3xxq.o

.debug_line     0x0000000000000000    0x1f8fb
 .debug_line    0x0000000000000000      0x40f build/main.o
 .debug_line    0x000000000000040f      0x2a3 build/gpio.o
 .debug_line    0x00000000000006b2      0x1ba build/dma.o
 .debug_line    0x000000000000086c      0x382 build/i2c.o
 .debug_line    0x0000000000000bee      0x435 build/spi.o
 .debug_line    0x0000000000001023      0x3a5 build/usart.o
 .debug_line    0x00000000000013c8      0x365 build/stm32h7xx_it.o
 .debug_line    0x000000000000172d      0x18b build/stm32h7xx_hal_msp.o
 .debug_line    0x00000000000018b8      0x27f build/usb_device.o
 .debug_line    0x0000000000001b37      0x382 build/usbd_desc.o
 .debug_line    0x0000000000001eb9      0x29a build/usbd_cdc_if.o
 .debug_line    0x0000000000002153      0x90a build/usbd_conf.o
 .debug_line    0x0000000000002a5d     0x15aa build/stm32h7xx_hal_pcd.o
 .debug_line    0x0000000000004007      0x4ef build/stm32h7xx_hal_pcd_ex.o
 .debug_line    0x00000000000044f6     0x1e3b build/stm32h7xx_ll_usb.o
 .debug_line    0x0000000000006331     0x12f8 build/stm32h7xx_hal_rcc.o
 .debug_line    0x0000000000007629     0x1ea5 build/stm32h7xx_hal_rcc_ex.o
 .debug_line    0x00000000000094ce      0x702 build/stm32h7xx_hal_gpio.o
 .debug_line    0x0000000000009bd0     0x25d0 build/stm32h7xx_hal_dma.o
 .debug_line    0x000000000000c1a0      0xb1e build/stm32h7xx_hal_pwr_ex.o
 .debug_line    0x000000000000ccbe      0x86a build/stm32h7xx_hal_cortex.o
 .debug_line    0x000000000000d528      0x903 build/stm32h7xx_hal.o
 .debug_line    0x000000000000de2b     0x52ce build/stm32h7xx_hal_i2c.o
 .debug_line    0x00000000000130f9      0x528 build/stm32h7xx_hal_i2c_ex.o
 .debug_line    0x0000000000013621     0x2486 build/stm32h7xx_hal_spi.o
 .debug_line    0x0000000000015aa7     0x675f build/stm32h7xx_hal_uart.o
 .debug_line    0x000000000001c206      0xca3 build/stm32h7xx_hal_uart_ex.o
 .debug_line    0x000000000001cea9      0x482 build/system_stm32h7xx.o
 .debug_line    0x000000000001d32b      0xa06 build/usbd_core.o
 .debug_line    0x000000000001dd31      0xd55 build/usbd_ctlreq.o
 .debug_line    0x000000000001ea86      0x2e0 build/usbd_ioreq.o
 .debug_line    0x000000000001ed66      0xb1e build/usbd_cdc.o
 .debug_line    0x000000000001f884       0x77 build/startup_stm32h7a3xxq.o

.debug_str      0x0000000000000000     0x79b3
 .debug_str     0x0000000000000000      0x6bb build/main.o
                                        0x726 (size before relaxing)
 .debug_str     0x00000000000006bb       0x85 build/gpio.o
                                        0x4a7 (size before relaxing)
 .debug_str     0x0000000000000740      0x7f5 build/dma.o
                                        0xbe8 (size before relaxing)
 .debug_str     0x0000000000000f35      0x932 build/i2c.o
                                        0xe7e (size before relaxing)
 .debug_str     0x0000000000001867      0x2f4 build/spi.o
                                       0x16c2 (size before relaxing)
 .debug_str     0x0000000000001b5b      0x287 build/usart.o
                                        0xe62 (size before relaxing)
 .debug_str     0x0000000000001de2      0x4e4 build/stm32h7xx_it.o
                                        0xc8e (size before relaxing)
 .debug_str     0x00000000000022c6       0x29 build/stm32h7xx_hal_msp.o
                                        0x3e8 (size before relaxing)
 .debug_str     0x00000000000022ef      0x446 build/usb_device.o
                                        0x6c8 (size before relaxing)
 .debug_str     0x0000000000002735      0x181 build/usbd_desc.o
                                        0x43e (size before relaxing)
 .debug_str     0x00000000000028b6      0x147 build/usbd_cdc_if.o
                                        0x773 (size before relaxing)
 .debug_str     0x00000000000029fd      0x5e1 build/usbd_conf.o
                                       0x1e8e (size before relaxing)
 .debug_str     0x0000000000002fde      0x5df build/stm32h7xx_hal_pcd.o
                                        0xe21 (size before relaxing)
 .debug_str     0x00000000000035bd      0x187 build/stm32h7xx_hal_pcd_ex.o
                                        0x80d (size before relaxing)
 .debug_str     0x0000000000003744      0x44e build/stm32h7xx_ll_usb.o
                                        0xd18 (size before relaxing)
 .debug_str     0x0000000000003b92      0x368 build/stm32h7xx_hal_rcc.o
                                        0xa21 (size before relaxing)
 .debug_str     0x0000000000003efa      0x650 build/stm32h7xx_hal_rcc_ex.o
                                        0xee0 (size before relaxing)
 .debug_str     0x000000000000454a      0x101 build/stm32h7xx_hal_gpio.o
                                        0x697 (size before relaxing)
 .debug_str     0x000000000000464b      0x3ab build/stm32h7xx_hal_dma.o
                                        0x92e (size before relaxing)
 .debug_str     0x00000000000049f6      0x647 build/stm32h7xx_hal_pwr_ex.o
                                        0xad0 (size before relaxing)
 .debug_str     0x000000000000503d      0x46a build/stm32h7xx_hal_cortex.o
                                        0xfdc (size before relaxing)
 .debug_str     0x00000000000054a7      0x62a build/stm32h7xx_hal.o
                                       0x1441 (size before relaxing)
 .debug_str     0x0000000000005ad1      0x887 build/stm32h7xx_hal_i2c.o
                                       0x115e (size before relaxing)
 .debug_str     0x0000000000006358       0xb5 build/stm32h7xx_hal_i2c_ex.o
                                        0xb18 (size before relaxing)
 .debug_str     0x000000000000640d      0x4ce build/stm32h7xx_hal_spi.o
                                        0xd7b (size before relaxing)
 .debug_str     0x00000000000068db      0x89b build/stm32h7xx_hal_uart.o
                                       0x14a9 (size before relaxing)
 .debug_str     0x0000000000007176      0x246 build/stm32h7xx_hal_uart_ex.o
                                        0xb7c (size before relaxing)
 .debug_str     0x00000000000073bc       0x3d build/system_stm32h7xx.o
                                        0x6f8 (size before relaxing)
 .debug_str     0x00000000000073f9      0x27b build/usbd_core.o
                                        0x9b7 (size before relaxing)
 .debug_str     0x0000000000007674      0x109 build/usbd_ctlreq.o
                                        0x7e2 (size before relaxing)
 .debug_str     0x000000000000777d       0x60 build/usbd_ioreq.o
                                        0x6b7 (size before relaxing)
 .debug_str     0x00000000000077dd      0x1a3 build/usbd_cdc.o
                                        0xdc2 (size before relaxing)
 .debug_str     0x0000000000007980       0x33 build/startup_stm32h7a3xxq.o
                                         0x56 (size before relaxing)

.comment        0x0000000000000000       0x45
 .comment       0x0000000000000000       0x45 build/main.o
                                         0x46 (size before relaxing)
 .comment       0x0000000000000045       0x46 build/gpio.o
 .comment       0x0000000000000045       0x46 build/dma.o
 .comment       0x0000000000000045       0x46 build/i2c.o
 .comment       0x0000000000000045       0x46 build/spi.o
 .comment       0x0000000000000045       0x46 build/usart.o
 .comment       0x0000000000000045       0x46 build/stm32h7xx_it.o
 .comment       0x0000000000000045       0x46 build/stm32h7xx_hal_msp.o
 .comment       0x0000000000000045       0x46 build/usb_device.o
 .comment       0x0000000000000045       0x46 build/usbd_desc.o
 .comment       0x0000000000000045       0x46 build/usbd_cdc_if.o
 .comment       0x0000000000000045       0x46 build/usbd_conf.o
 .comment       0x0000000000000045       0x46 build/stm32h7xx_hal_pcd.o
 .comment       0x0000000000000045       0x46 build/stm32h7xx_hal_pcd_ex.o
 .comment       0x0000000000000045       0x46 build/stm32h7xx_ll_usb.o
 .comment       0x0000000000000045       0x46 build/stm32h7xx_hal_rcc.o
 .comment       0x0000000000000045       0x46 build/stm32h7xx_hal_rcc_ex.o
 .comment       0x0000000000000045       0x46 build/stm32h7xx_hal_gpio.o
 .comment       0x0000000000000045       0x46 build/stm32h7xx_hal_dma.o
 .comment       0x0000000000000045       0x46 build/stm32h7xx_hal_pwr_ex.o
 .comment       0x0000000000000045       0x46 build/stm32h7xx_hal_cortex.o
 .comment       0x0000000000000045       0x46 build/stm32h7xx_hal.o
 .comment       0x0000000000000045       0x46 build/stm32h7xx_hal_i2c.o
 .comment       0x0000000000000045       0x46 build/stm32h7xx_hal_i2c_ex.o
 .comment       0x0000000000000045       0x46 build/stm32h7xx_hal_spi.o
 .comment       0x0000000000000045       0x46 build/stm32h7xx_hal_uart.o
 .comment       0x0000000000000045       0x46 build/stm32h7xx_hal_uart_ex.o
 .comment       0x0000000000000045       0x46 build/system_stm32h7xx.o
 .comment       0x0000000000000045       0x46 build/usbd_core.o
 .comment       0x0000000000000045       0x46 build/usbd_ctlreq.o
 .comment       0x0000000000000045       0x46 build/usbd_ioreq.o
 .comment       0x0000000000000045       0x46 build/usbd_cdc.o

.debug_frame    0x0000000000000000     0x3dac
 .debug_frame   0x0000000000000000       0x58 build/main.o
 .debug_frame   0x0000000000000058       0x38 build/gpio.o
 .debug_frame   0x0000000000000090       0x2c build/dma.o
 .debug_frame   0x00000000000000bc       0x64 build/i2c.o
 .debug_frame   0x0000000000000120       0x64 build/spi.o
 .debug_frame   0x0000000000000184       0x64 build/usart.o
 .debug_frame   0x00000000000001e8       0xf0 build/stm32h7xx_it.o
 .debug_frame   0x00000000000002d8       0x28 build/stm32h7xx_hal_msp.o
 .debug_frame   0x0000000000000300       0x28 build/usb_device.o
 .debug_frame   0x0000000000000328       0xe0 build/usbd_desc.o
 .debug_frame   0x0000000000000408       0x88 build/usbd_cdc_if.o
 .debug_frame   0x0000000000000490      0x2e8 build/usbd_conf.o
 .debug_frame   0x0000000000000778      0x378 build/stm32h7xx_hal_pcd.o
 .debug_frame   0x0000000000000af0       0xb8 build/stm32h7xx_hal_pcd_ex.o
 .debug_frame   0x0000000000000ba8      0x48c build/stm32h7xx_ll_usb.o
 .debug_frame   0x0000000000001034      0x184 build/stm32h7xx_hal_rcc.o
 .debug_frame   0x00000000000011b8      0x274 build/stm32h7xx_hal_rcc_ex.o
 .debug_frame   0x000000000000142c       0xd4 build/stm32h7xx_hal_gpio.o
 .debug_frame   0x0000000000001500      0x1fc build/stm32h7xx_hal_dma.o
 .debug_frame   0x00000000000016fc      0x354 build/stm32h7xx_hal_pwr_ex.o
 .debug_frame   0x0000000000001a50      0x1f4 build/stm32h7xx_hal_cortex.o
 .debug_frame   0x0000000000001c44      0x370 build/stm32h7xx_hal.o
 .debug_frame   0x0000000000001fb4      0x984 build/stm32h7xx_hal_i2c.o
 .debug_frame   0x0000000000002938       0x80 build/stm32h7xx_hal_i2c_ex.o
 .debug_frame   0x00000000000029b8      0x4bc build/stm32h7xx_hal_spi.o
 .debug_frame   0x0000000000002e74      0x680 build/stm32h7xx_hal_uart.o
 .debug_frame   0x00000000000034f4      0x1c8 build/stm32h7xx_hal_uart_ex.o
 .debug_frame   0x00000000000036bc       0x3c build/system_stm32h7xx.o
 .debug_frame   0x00000000000036f8      0x240 build/usbd_core.o
 .debug_frame   0x0000000000003938      0x180 build/usbd_ctlreq.o
 .debug_frame   0x0000000000003ab8       0xb8 build/usbd_ioreq.o
 .debug_frame   0x0000000000003b70      0x190 build/usbd_cdc.o
 .debug_frame   0x0000000000003d00       0x20 /home/jack/ece331/Downloads/arm-gnu-toolchain-12.2.rel1-aarch64-arm-none-eabi/bin/../lib/gcc/arm-none-eabi/12.2.1/../../../../arm-none-eabi/lib/thumb/v7e-m+dp/hard/libc_nano.a(libc_a-memset.o)
 .debug_frame   0x0000000000003d20       0x2c /home/jack/ece331/Downloads/arm-gnu-toolchain-12.2.rel1-aarch64-arm-none-eabi/bin/../lib/gcc/arm-none-eabi/12.2.1/../../../../arm-none-eabi/lib/thumb/v7e-m+dp/hard/libc_nano.a(libc_a-init.o)
 .debug_frame   0x0000000000003d4c       0x2c /home/jack/ece331/Downloads/arm-gnu-toolchain-12.2.rel1-aarch64-arm-none-eabi/bin/../lib/gcc/arm-none-eabi/12.2.1/thumb/v7e-m+dp/hard/libgcc.a(_aeabi_uldivmod.o)
 .debug_frame   0x0000000000003d78       0x34 /home/jack/ece331/Downloads/arm-gnu-toolchain-12.2.rel1-aarch64-arm-none-eabi/bin/../lib/gcc/arm-none-eabi/12.2.1/thumb/v7e-m+dp/hard/libgcc.a(_udivmoddi4.o)

.debug_line_str
                0x0000000000000000       0xce
 .debug_line_str
                0x0000000000000000       0xc2 /home/jack/ece331/Downloads/arm-gnu-toolchain-12.2.rel1-aarch64-arm-none-eabi/bin/../lib/gcc/arm-none-eabi/12.2.1/thumb/v7e-m+dp/hard/libgcc.a(_aeabi_uldivmod.o)
 .debug_line_str
                0x00000000000000c2        0xc /home/jack/ece331/Downloads/arm-gnu-toolchain-12.2.rel1-aarch64-arm-none-eabi/bin/../lib/gcc/arm-none-eabi/12.2.1/thumb/v7e-m+dp/hard/libgcc.a(_dvmd_tls.o)
                                         0xc6 (size before relaxing)

Cross Reference Table

Symbol                                            File
ADC_IRQHandler                                    build/startup_stm32h7a3xxq.o
Adafruit_ST7735_Color565                          build/Adafruit_ST7735.o
Adafruit_ST7735_commandList                       build/Adafruit_ST7735.o
Adafruit_ST7735_commonInit                        build/Adafruit_ST7735.o
Adafruit_ST7735_drawFastHLine                     build/Adafruit_ST7735.o
                                                  build/graphics.o
Adafruit_ST7735_drawFastVLine                     build/Adafruit_ST7735.o
                                                  build/graphics.o
Adafruit_ST7735_drawPixel                         build/Adafruit_ST7735.o
                                                  build/graphics.o
Adafruit_ST7735_fillRect                          build/Adafruit_ST7735.o
Adafruit_ST7735_fillScreen                        build/Adafruit_ST7735.o
Adafruit_ST7735_initB                             build/Adafruit_ST7735.o
Adafruit_ST7735_initR                             build/Adafruit_ST7735.o
Adafruit_ST7735_invertDisplay                     build/Adafruit_ST7735.o
Adafruit_ST7735_pushColor                         build/Adafruit_ST7735.o
Adafruit_ST7735_setAddrWindow                     build/Adafruit_ST7735.o
Adafruit_ST7735_setRotation                       build/Adafruit_ST7735.o
Adafruit_ST7735_spiwrite                          build/Adafruit_ST7735.o
Adafruit_ST7735_writecommand                      build/Adafruit_ST7735.o
Adafruit_ST7735_writedata                         build/Adafruit_ST7735.o